ARM Linker, 4.1 [Build 894] [Standard][RL-ARM]

==============================================================================

Section Cross References

    system_lpc177x_8x.o(.text) refers to system_lpc177x_8x.o(.data) for SystemCoreClock
    startup_lpc177x_8x.o(RESET) refers to startup_lpc177x_8x.o(STACK) for __initial_sp
    startup_lpc177x_8x.o(RESET) refers to startup_lpc177x_8x.o(.text) for Reset_Handler
    startup_lpc177x_8x.o(RESET) refers to gui_x.o(.text) for SysTick_Handler
    startup_lpc177x_8x.o(RESET) refers to tsc_2046.o(.text) for SSP1_IRQHandler
    startup_lpc177x_8x.o(.text) refers to system_lpc177x_8x.o(.text) for SystemInit
    startup_lpc177x_8x.o(.text) refers to entry.o(.ARM.Collect$$$$00000000) for __main
    main.o(.text) refers to sdram.o(.text) for sdram_init
    main.o(.text) refers to js28f128.o(.text) for JS28F128_IF_Init
    main.o(.text) refers to nhn_oppfmslot.o(.text) for MainTask
    nhn_oppfmslot.o(.text) refers to messagebox.o(i.MESSAGEBOX_Create) for MESSAGEBOX_Create
    nhn_oppfmslot.o(.text) refers to wm_makemodal.o(i.WM_MakeModal) for WM_MakeModal
    nhn_oppfmslot.o(.text) refers to dialog.o(i.GUI_ExecCreatedDialog) for GUI_ExecCreatedDialog
    nhn_oppfmslot.o(.text) refers to wm.o(i.WM_InvalidateWindow) for WM_InvalidateWindow
    nhn_oppfmslot.o(.text) refers to gui_setcolor.o(i.GUI_SetColor) for GUI_SetColor
    nhn_oppfmslot.o(.text) refers to gui_disphex.o(i.GUI_DispHexAt) for GUI_DispHexAt
    nhn_oppfmslot.o(.text) refers to wm_getdialogitem.o(i.WM_GetDialogItem) for WM_GetDialogItem
    nhn_oppfmslot.o(.text) refers to wm_memdev.o(i.WM_EnableMemdev) for WM_EnableMemdev
    nhn_oppfmslot.o(.text) refers to listview.o(i.LISTVIEW_AddColumn) for LISTVIEW_AddColumn
    nhn_oppfmslot.o(.text) refers to listview.o(i.LISTVIEW_AddRow) for LISTVIEW_AddRow
    nhn_oppfmslot.o(.text) refers to listview_setgridvis.o(i.LISTVIEW_SetGridVis) for LISTVIEW_SetGridVis
    nhn_oppfmslot.o(.text) refers to listview.o(i.LISTVIEW_SetHeaderHeight) for LISTVIEW_SetHeaderHeight
    nhn_oppfmslot.o(.text) refers to listview_setfont.o(i.LISTVIEW_SetFont) for LISTVIEW_SetFont
    nhn_oppfmslot.o(.text) refers to text_setfont.o(i.TEXT_SetFont) for TEXT_SetFont
    nhn_oppfmslot.o(.text) refers to text_settextalign.o(i.TEXT_SetTextAlign) for TEXT_SetTextAlign
    nhn_oppfmslot.o(.text) refers to text_settextcolor.o(i.TEXT_SetTextColor) for TEXT_SetTextColor
    nhn_oppfmslot.o(.text) refers to wm_getid.o(i.WM_GetId) for WM_GetId
    nhn_oppfmslot.o(.text) refers to apset.o(.text) for CreateApSet
    nhn_oppfmslot.o(.text) refers to wm.o(i.WM_DefaultProc) for WM_DefaultProc
    nhn_oppfmslot.o(.text) refers to wm_getdesktopwindow.o(i.WM_GetDesktopWindow) for WM_GetDesktopWindow
    nhn_oppfmslot.o(.text) refers to dialog.o(i.GUI_CreateDialogBox) for GUI_CreateDialogBox
    nhn_oppfmslot.o(.text) refers to wm_setcreateflags.o(i.WM_SetCreateFlags) for WM_SetCreateFlags
    nhn_oppfmslot.o(.text) refers to gui_core.o(i.GUI_Init) for GUI_Init
    nhn_oppfmslot.o(.text) refers to gui_alloc.o(i.GUI_ALLOC_GetNumFreeBytes) for GUI_ALLOC_GetNumFreeBytes
    nhn_oppfmslot.o(.text) refers to gui_alloc.o(i.GUI_ALLOC_GetNumUsedBytes) for GUI_ALLOC_GetNumUsedBytes
    nhn_oppfmslot.o(.text) refers to gui_uc_encodeutf8.o(i.GUI_UC_SetEncodeUTF8) for GUI_UC_SetEncodeUTF8
    nhn_oppfmslot.o(.text) refers to gui_sif.o(i.GUI_SIF_CreateFont) for GUI_SIF_CreateFont
    nhn_oppfmslot.o(.text) refers to gui_curs1.o(i.GUI_CURSOR_Show) for GUI_CURSOR_Show
    nhn_oppfmslot.o(.text) refers to gui_core.o(i.GUI_SetDefaultFont) for GUI_SetDefaultFont
    nhn_oppfmslot.o(.text) refers to button_default.o(i.BUTTON_SetDefaultFont) for BUTTON_SetDefaultFont
    nhn_oppfmslot.o(.text) refers to gui_time.o(i.GUI_Delay) for GUI_Delay
    nhn_oppfmslot.o(.text) refers to nhn_oppfmslot.o(.data) for rc
    nhn_oppfmslot.o(.text) refers to nhn_oppfmslot.o(.constdata) for strR1
    nhn_oppfmslot.o(.text) refers to nhn_oppfmslot.o(.bss) for ftSIF
    nhn_oppfmslot.o(.text) refers to gui_sif_propext.o(.constdata) for GUI_SIF_APIList_Prop_Ext
    nhn_oppfmslot.o(.text) refers to st_gb231224.o(.constdata) for acST_GB231224
    nhn_oppfmslot.o(.constdata) refers to nhn_oppfmslot.o(.conststring) for .conststring
    nhn_oppfmslot.o(.constdata) refers to window.o(i.WINDOW_CreateIndirect) for WINDOW_CreateIndirect
    nhn_oppfmslot.o(.constdata) refers to listview_createindirect.o(i.LISTVIEW_CreateIndirect) for LISTVIEW_CreateIndirect
    nhn_oppfmslot.o(.constdata) refers to button_createindirect.o(i.BUTTON_CreateIndirect) for BUTTON_CreateIndirect
    nhn_oppfmslot.o(.constdata) refers to text_createindirect.o(i.TEXT_CreateIndirect) for TEXT_CreateIndirect
    apset.o(.text) refers to wm_getdialogitem.o(i.WM_GetDialogItem) for WM_GetDialogItem
    apset.o(.text) refers to edit.o(i.EDIT_SetText) for EDIT_SetText
    apset.o(.text) refers to wm_getid.o(i.WM_GetId) for WM_GetId
[...]
    0x0000a18c   0x00000020   Code   RO         2038    i.WM__ReleaseCapture  GUI_CM3.lib(wm_setcapture.o)
    0x0000a1ac   0x0000002c   Code   RO         1995    i.WM__RemoveCriticalHandle  GUI_CM3.lib(wm_criticalhandle.o)
    0x0000a1d8   0x00000030   Code   RO         1074    i.WM__RemoveFromLinList  GUI_CM3.lib(wm.o)
    0x0000a208   0x00000040   Code   RO         1075    i.WM__RemoveWindowFromList  GUI_CM3.lib(wm.o)
    0x0000a248   0x00000014   Code   RO         2701    i.WM__Screen2Client  GUI_CM3.lib(wm__screen2client.o)
    0x0000a25c   0x0000003c   Code   RO         1983    i.WM__SendMessage   GUI_CM3.lib(wm__sendmessage.o)
    0x0000a298   0x0000001c   Code   RO         2703    i.WM__SendMessageIfEnabled  GUI_CM3.lib(wm__sendmessageifenabled.o)
    0x0000a2b4   0x00000028   Code   RO         2705    i.WM__SendMessageNoPara  GUI_CM3.lib(wm__sendmessagenopara.o)
    0x0000a2dc   0x0000000e   Code   RO         1076    i.WM__SendMsgNoData  GUI_CM3.lib(wm.o)
    0x0000a2ea   0x0000003e   Code   RO         2082    i.WM__SendPIDMessage  GUI_CM3.lib(wm_touch.o)
    0x0000a328   0x0000002e   Code   RO         2083    i.WM__SendTouchMessage  GUI_CM3.lib(wm_touch.o)
    0x0000a356   0x00000008   Code   RO         2054    i.WM__SetScrollbarH  GUI_CM3.lib(wm_setscrollbar.o)
    0x0000a35e   0x00000008   Code   RO         2055    i.WM__SetScrollbarV  GUI_CM3.lib(wm_setscrollbar.o)
    0x0000a366   0x000000ce   Code   RO         2707    i.WM__UpdateChildPositions  GUI_CM3.lib(wm__updatechildpositions.o)
    0x0000a434   0x0000007c   Code   RO          478    i._AddFreeMemory    GUI_CM3.lib(gui_alloc.o)
    0x0000a4b0   0x000000b0   Code   RO          969    i._AddKey           GUI_CM3.lib(listview.o)
    0x0000a560   0x000000ac   Code   RO          479    i._Alloc            GUI_CM3.lib(gui_alloc.o)
    0x0000a60c   0x00000048   Code   RO          480    i._AssignMemory     GUI_CM3.lib(gui_alloc.o)
    0x0000a654   0x00000130   Code   RO         2908    i._CalcPositions    GUI_CM3.lib(scrollbar_skinclassic.o)
    0x0000a784   0x00000014   Code   RO          650    i._CalcSizeOfChar   GUI_CM3.lib(gui_uc_encodeutf8.o)
    0x0000a798   0x00000004   Code   RO         1454    i._CalcSizeOfChar   GUI_CM3.lib(gui_uc_encodenone.o)
    0x0000a79c   0x0000014c   Code   RO          909    i._CalcSizes        GUI_CM3.lib(edit.o)
    0x0000a8e8   0x00000046   Code   RO          910    i._ChangeCharacter  GUI_CM3.lib(edit.o)
    0x0000a92e   0x00000016   Code   RO         1351    i._ClipRectEx       GUI_CM3.lib(gui_sprite.o)
    0x0000a944   0x00000034   Code   RO          448    i._Color2IndexBulk  GUI_CM3.lib(guicc_565.o)
    0x0000a978   0x0000000e   Code   RO         2324    i._Color2IndexBulk  GUI_CM3.lib(guicc_8888.o)
    0x0000a986   0x00000002   PAD
    0x0000a988   0x00000054   Code   RO         2315    i._Color2Index_0    GUI_CM3.lib(guicc_0.o)
    0x0000a9dc   0x00000028   Code   RO          449    i._Color2Index_565  GUI_CM3.lib(guicc_565.o)
    0x0000aa04   0x00000002   Code   RO         2325    i._Color2Index_8888  GUI_CM3.lib(guicc_8888.o)
    0x0000aa06   0x00000002   PAD
    0x0000aa08   0x0000003e   Code   RO         2611    i._Convert16        GUI_CM3.lib(guidev_writetoactiveopaque.o)
    0x0000aa46   0x00000052   Code   RO          782    i._CopyBuffer       GUI_CM3.lib(guidrv_lin_16.o)
    0x0000aa98   0x00000002   Code   RO         2621    i._Create           GUI_CM3.lib(button_skinclassic.o)
    0x0000aa9a   0x00000002   Code   RO         2638    i._Create           GUI_CM3.lib(checkbox_skinclassic.o)
    0x0000aa9c   0x0000000c   Code   RO         2651    i._Create           GUI_CM3.lib(framewin_skinclassic.o)
    0x0000aaa8   0x00000002   Code   RO         2666    i._Create           GUI_CM3.lib(header_skinclassic.o)
    0x0000aaaa   0x00000002   PAD
    0x0000aaac   0x00000020   Code   RO         2909    i._Create           GUI_CM3.lib(scrollbar_skinclassic.o)
    0x0000aacc   0x00000104   Code   RO         1700    i._CreateStaticDevice  GUI_CM3.lib(guidev_staticdevices.o)
    0x0000abd0   0x00000014   Code   RO         2206    i._DecPointer       GUI_CM3.lib(gui_pid.o)
    0x0000abe4   0x00000012   Code   RO         1077    i._DeleteAllChildren  GUI_CM3.lib(wm.o)
    0x0000abf6   0x0000005c   Code   RO          911    i._DeleteChar       GUI_CM3.lib(edit.o)
    0x0000ac52   0x0000001c   Code   RO         2849    i._DeleteTimer      GUI_CM3.lib(scrollbar.o)
    0x0000ac6e   0x00000002   PAD
    0x0000ac70   0x000000c0   Code   RO          612    i._DispChar         GUI_CM3.lib(gui_sif_propext.o)
    0x0000ad30   0x0000002c   Code   RO          613    i._DispLine         GUI_CM3.lib(gui_sif_propext.o)
    0x0000ad5c   0x00000070   Code   RO         2122    i._DispLine         GUI_CM3.lib(gui_charline.o)
    0x0000adcc   0x00000078   Code   RO         1352    i._DoColorConversion  GUI_CM3.lib(gui_sprite.o)
    0x0000ae44   0x000000dc   Code   RO          783    i._DrawBitLine1BPP  GUI_CM3.lib(guidrv_lin_16.o)
    0x0000af20   0x0000013c   Code   RO         1655    i._DrawBitLine1BPP  GUI_CM3.lib(guidev_16.o)
    0x0000b05c   0x00000110   Code   RO         2534    i._DrawBitLine1BPP  GUI_CM3.lib(guidev_32.o)
    0x0000b16c   0x00000110   Code   RO          784    i._DrawBitLine2BPP  GUI_CM3.lib(guidrv_lin_16.o)
    0x0000b27c   0x000000e0   Code   RO         1656    i._DrawBitLine2BPP  GUI_CM3.lib(guidev_16.o)
    0x0000b35c   0x000000dc   Code   RO         2535    i._DrawBitLine2BPP  GUI_CM3.lib(guidev_32.o)
    0x0000b438   0x0000007e   Code   RO         2536    i._DrawBitLine32BPP_DDB  GUI_CM3.lib(guidev_32.o)
    0x0000b4b6   0x00000002   PAD
    0x0000b4b8   0x00000110   Code   RO          785    i._DrawBitLine4BPP  GUI_CM3.lib(guidrv_lin_16.o)
    0x0000b5c8   0x00000158   Code   RO         1657    i._DrawBitLine4BPP  GUI_CM3.lib(guidev_16.o)
    0x0000b720   0x00000154   Code   RO         2537    i._DrawBitLine4BPP  GUI_CM3.lib(guidev_32.o)
    0x0000b874   0x000000d0   Code   RO          786    i._DrawBitLine8BPP  GUI_CM3.lib(guidrv_lin_16.o)
    0x0000b944   0x000000ea   Code   RO          787    i._DrawBitmap       GUI_CM3.lib(guidrv_lin_16.o)
    0x0000ba2e   0x00000002   PAD
    0x0000ba30   0x00000284   Code   RO         1353    i._DrawBitmap       GUI_CM3.lib(gui_sprite.o)
    0x0000bcb4   0x00000278   Code   RO         1658    i._DrawBitmap       GUI_CM3.lib(guidev_16.o)
    0x0000bf2c   0x00000268   Code   RO         2538    i._DrawBitmap       GUI_CM3.lib(guidev_32.o)
    0x0000c194   0x00000010   Code   RO         2683    i._DrawDown         GUI_CM3.lib(widget_effect_3d.o)
    0x0000c1a4   0x00000094   Code   RO         2684    i._DrawDownRect     GUI_CM3.lib(widget_effect_3d.o)
    0x0000c238   0x000000a0   Code   RO          788    i._DrawHLine        GUI_CM3.lib(guidrv_lin_16.o)
    0x0000c2d8   0x00000110   Code   RO         1354    i._DrawHLine        GUI_CM3.lib(gui_sprite.o)
    0x0000c3e8   0x0000000a   Code   RO         1659    i._DrawHLine        GUI_CM3.lib(guidev_16.o)
    0x0000c3f2   0x0000000a   Code   RO         2539    i._DrawHLine        GUI_CM3.lib(guidev_32.o)
    0x0000c3fc   0x00000078   Code   RO         1078    i._DrawNext         GUI_CM3.lib(wm.o)
    0x0000c474   0x00000024   Code   RO         2667    i._DrawTriangle     GUI_CM3.lib(header_skinclassic.o)
    0x0000c498   0x00000068   Code   RO         2685    i._DrawUpRect       GUI_CM3.lib(widget_effect_3d.o)
    0x0000c500   0x00000050   Code   RO          789    i._DrawVLine        GUI_CM3.lib(guidrv_lin_16.o)
    0x0000c550   0x0000010c   Code   RO         1355    i._DrawVLine        GUI_CM3.lib(gui_sprite.o)
    0x0000c65c   0x000000ac   Code   RO         1660    i._DrawVLine        GUI_CM3.lib(guidev_16.o)
    0x0000c708   0x000000ac   Code   RO         2540    i._DrawVLine        GUI_CM3.lib(guidev_32.o)
    0x0000c7b4   0x00000056   Code   RO         1948    i._EffectRequiresRedraw  GUI_CM3.lib(widget.o)
    0x0000c80a   0x00000046   Code   RO          651    i._Encode           GUI_CM3.lib(gui_uc_encodeutf8.o)
    0x0000c850   0x00000006   Code   RO         1455    i._Encode           GUI_CM3.lib(gui_uc_encodenone.o)
    0x0000c856   0x00000002   PAD
    0x0000c858   0x00000040   Code   RO          790    i._FillRect         GUI_CM3.lib(guidrv_lin_16.o)
    0x0000c898   0x0000013c   Code   RO         1356    i._FillRect         GUI_CM3.lib(gui_sprite.o)
    0x0000c9d4   0x000000a0   Code   RO         1661    i._FillRect         GUI_CM3.lib(guidev_16.o)
    0x0000ca74   0x0000009c   Code   RO         2541    i._FillRect         GUI_CM3.lib(guidev_32.o)
    0x0000cb10   0x00000128   Code   RO         1079    i._FindNext_IVR     GUI_CM3.lib(wm.o)
    0x0000cc38   0x0000007a   Code   RO         1080    i._Findx0           GUI_CM3.lib(wm.o)
    0x0000ccb2   0x00000002   PAD
    0x0000ccb4   0x0000006e   Code   RO         1081    i._Findx1           GUI_CM3.lib(wm.o)
    0x0000cd22   0x00000002   PAD
    0x0000cd24   0x0000008a   Code   RO         1082    i._Findy1           GUI_CM3.lib(wm.o)
    0x0000cdae   0x0000007a   Code   RO          970    i._FreeAttached     GUI_CM3.lib(listview.o)
    0x0000ce28   0x00000004   Code   RO         2598    i._GUI_USAGE_BM_Delete  GUI_CM3.lib(guidev_usagebm.o)
    0x0000ce2c   0x0000006e   Code   RO         1357    i._GetBkPixel       GUI_CM3.lib(gui_sprite.o)
    0x0000ce9a   0x00000012   Code   RO         2652    i._GetBorderSize    GUI_CM3.lib(framewin_skinclassic.o)
    0x0000ceac   0x00000018   Code   RO         2639    i._GetButtonSize    GUI_CM3.lib(checkbox_skinclassic.o)
    0x0000cec4   0x0000003c   Code   RO          652    i._GetCharCode      GUI_CM3.lib(gui_uc_encodeutf8.o)
    0x0000cf00   0x00000004   Code   RO         1456    i._GetCharCode      GUI_CM3.lib(gui_uc_encodenone.o)
    0x0000cf04   0x00000022   Code   RO          653    i._GetCharSize      GUI_CM3.lib(gui_uc_encodeutf8.o)
    0x0000cf26   0x00000004   Code   RO         1457    i._GetCharSize      GUI_CM3.lib(gui_uc_encodenone.o)
    0x0000cf2a   0x0000002e   Code   RO         2782    i._GetCharWrap      GUI_CM3.lib(gui__wrap.o)
    0x0000cf58   0x00000140   Code   RO         1358    i._GetClipParam     GUI_CM3.lib(gui_sprite.o)
    0x0000d098   0x000000d8   Code   RO         1359    i._GetClipRect      GUI_CM3.lib(gui_sprite.o)
    0x0000d170   0x0000002c   Code   RO         1178    i._GetCursorCharacter  GUI_CM3.lib(gui__getcursorpos.o)
    0x0000d19c   0x00000042   Code   RO         1179    i._GetCursorPosChar  GUI_CM3.lib(gui__getcursorpos.o)
    0x0000d1de   0x0000001c   Code   RO         1180    i._GetCursorPosX    GUI_CM3.lib(gui__getcursorpos.o)
    0x0000d1fa   0x0000000a   Code   RO         2022    i._GetDefaultWin    GUI_CM3.lib(wm_getwindowsize.o)
    0x0000d204   0x00000010   Code   RO          791    i._GetDevData       GUI_CM3.lib(guidrv_lin_16.o)
    0x0000d214   0x00000004   Code   RO         1360    i._GetDevData       GUI_CM3.lib(gui_sprite.o)
    0x0000d218   0x00000010   Code   RO         1662    i._GetDevData       GUI_CM3.lib(guidev_16.o)
    0x0000d228   0x00000010   Code   RO         2542    i._GetDevData       GUI_CM3.lib(guidev_32.o)
    0x0000d238   0x000000c0   Code   RO          792    i._GetDevFunc       GUI_CM3.lib(guidrv_lin_16.o)
    0x0000d2f8   0x00000004   Code   RO         1361    i._GetDevFunc       GUI_CM3.lib(gui_sprite.o)
    0x0000d2fc   0x00000010   Code   RO         1663    i._GetDevFunc       GUI_CM3.lib(guidev_16.o)
    0x0000d30c   0x00000010   Code   RO         2543    i._GetDevFunc       GUI_CM3.lib(guidev_32.o)
    0x0000d31c   0x0000001e   Code   RO          696    i._GetDevProp       GUI_CM3.lib(lcd_getex.o)
    0x0000d33a   0x0000003c   Code   RO          793    i._GetDevProp       GUI_CM3.lib(guidrv_lin_16.o)
    0x0000d376   0x0000000e   Code   RO         1362    i._GetDevProp       GUI_CM3.lib(gui_sprite.o)
    0x0000d384   0x00000008   Code   RO         1664    i._GetDevProp       GUI_CM3.lib(guidev_16.o)
    0x0000d38c   0x0000000c   Code   RO         2544    i._GetDevProp       GUI_CM3.lib(guidev_32.o)
    0x0000d398   0x00000038   Code   RO         1149    i._GetDialogItem    GUI_CM3.lib(wm_getdialogitem.o)
    0x0000d3d0   0x00000050   Code   RO         2012    i._GetDialogItem    GUI_CM3.lib(wm_getscrollbar.o)
    0x0000d420   0x0000009c   Code   RO         1872    i._GetDividerIndex  GUI_CM3.lib(header.o)
    0x0000d4bc   0x00000048   Code   RO          481    i._GetFreeTag       GUI_CM3.lib(gui_alloc.o)
    0x0000d504   0x00000052   Code   RO         2316    i._GetIndexMask_0   GUI_CM3.lib(guicc_0.o)
    0x0000d556   0x00000006   Code   RO          450    i._GetIndexMask_565  GUI_CM3.lib(guicc_565.o)
    0x0000d55c   0x00000006   Code   RO         2326    i._GetIndexMask_8888  GUI_CM3.lib(guicc_8888.o)
    0x0000d562   0x00000082   Code   RO         1873    i._GetItemIndex     GUI_CM3.lib(header.o)
    0x0000d5e4   0x00000016   Code   RO          697    i._GetMaxValue      GUI_CM3.lib(lcd_getex.o)
    0x0000d5fa   0x00000002   PAD
    0x0000d5fc   0x0000001c   Code   RO          482    i._GetMinIndex      GUI_CM3.lib(gui_alloc.o)
    0x0000d618   0x00000022   Code   RO         2045    i._GetNextChild     GUI_CM3.lib(wm_setfocusonnextchild.o)
    0x0000d63a   0x00000034   Code   RO          971    i._GetNumVisibleRows  GUI_CM3.lib(listview.o)
    0x0000d66e   0x00000010   Code   RO          794    i._GetPixelIndex    GUI_CM3.lib(guidrv_lin_16.o)
    0x0000d67e   0x00000060   Code   RO         1363    i._GetPixelIndex    GUI_CM3.lib(gui_sprite.o)
    0x0000d6de   0x0000000e   Code   RO         1665    i._GetPixelIndex    GUI_CM3.lib(guidev_16.o)
    0x0000d6ec   0x0000000e   Code   RO         2545    i._GetPixelIndex    GUI_CM3.lib(guidev_32.o)
    0x0000d6fa   0x0000001c   Code   RO          795    i._GetPos           GUI_CM3.lib(guidrv_lin_16.o)
    0x0000d716   0x0000001a   Code   RO         2049    i._GetPrevChild     GUI_CM3.lib(wm_setfocusonprevchild.o)
    0x0000d730   0x00000016   Code   RO          796    i._GetRect          GUI_CM3.lib(guidrv_lin_16.o)
    0x0000d746   0x0000000e   Code   RO         1364    i._GetRect          GUI_CM3.lib(gui_sprite.o)
    0x0000d754   0x00000028   Code   RO         1666    i._GetRect          GUI_CM3.lib(guidev_16.o)
    0x0000d77c   0x00000028   Code   RO         2546    i._GetRect          GUI_CM3.lib(guidev_32.o)
    0x0000d7a4   0x00000064   Code   RO         2783    i._GetWordWrap      GUI_CM3.lib(gui__wrap.o)
    0x0000d808   0x0000000c   Code   RO         1267    i._GotoX            GUI_CM3.lib(gui_goto.o)
    0x0000d814   0x0000000c   Code   RO         1268    i._GotoY            GUI_CM3.lib(gui_goto.o)
    0x0000d820   0x000000d0   Code   RO         1874    i._HandlePID        GUI_CM3.lib(header.o)
    0x0000d8f0   0x0000001c   Code   RO         1286    i._IncPointer       GUI_CM3.lib(gui_onkey.o)
    0x0000d90c   0x00000014   Code   RO         2207    i._IncPointer       GUI_CM3.lib(gui_pid.o)
    0x0000d920   0x00000044   Code   RO          912    i._IncrementBuffer  GUI_CM3.lib(edit.o)
    0x0000d964   0x00000044   Code   RO          451    i._Index2ColorBulk  GUI_CM3.lib(guicc_565.o)
    0x0000d9a8   0x0000000e   Code   RO         2327    i._Index2ColorBulk  GUI_CM3.lib(guicc_8888.o)
    0x0000d9b6   0x00000020   Code   RO         2317    i._Index2Color_0    GUI_CM3.lib(guicc_0.o)
    0x0000d9d6   0x00000018   Code   RO          797    i._Init             GUI_CM3.lib(guidrv_lin_16.o)
    0x0000d9ee   0x00000002   PAD
    0x0000d9f0   0x00000074   Code   RO          530    i._InitContext      GUI_CM3.lib(gui_core.o)
    0x0000da64   0x00000078   Code   RO          483    i._InitOnce         GUI_CM3.lib(gui_alloc.o)
    0x0000dadc   0x00000024   Code   RO          798    i._InitOnce         GUI_CM3.lib(guidrv_lin_16.o)
    0x0000db00   0x0000009e   Code   RO          913    i._InsertChar       GUI_CM3.lib(edit.o)
    0x0000db9e   0x00000002   PAD
    0x0000dba0   0x00000070   Code   RO         1083    i._Invalidate1Abs   GUI_CM3.lib(wm.o)
    0x0000dc10   0x00000046   Code   RO          914    i._IsSpaceInBuffer  GUI_CM3.lib(edit.o)
    0x0000dc56   0x00000082   Code   RO         1875    i._LimitDragWitdh   GUI_CM3.lib(header.o)
    0x0000dcd8   0x00000014   Code   RO         1365    i._Link             GUI_CM3.lib(gui_sprite.o)
    0x0000dcec   0x0000005c   Code   RO         2294    i._Link             GUI_CM3.lib(gui_timer.o)
    0x0000dd48   0x00000014   Code   RO          630    i._Log2Phys         GUI_CM3.lib(gui_touch_driveranalog.o)
    0x0000dd5c   0x00000002   Code   RO         2123    i._Log2VisBuffered  GUI_CM3.lib(gui_charline.o)
    0x0000dd5e   0x0000000c   Code   RO         1689    i._Min              GUI_CM3.lib(guidev_banding.o)
    0x0000dd6a   0x00000044   Code   RO         2881    i._MoveDescendents  GUI_CM3.lib(wm_move.o)
    0x0000ddae   0x00000026   Code   RO          972    i._NotifyOwner      GUI_CM3.lib(listview.o)
    0x0000ddd4   0x0000000a   Code   RO          799    i._Off              GUI_CM3.lib(guidrv_lin_16.o)
    0x0000ddde   0x0000000a   Code   RO          800    i._On               GUI_CM3.lib(guidrv_lin_16.o)
    0x0000dde8   0x0000002a   Code   RO         1725    i._OnButtonPressed  GUI_CM3.lib(button.o)
    0x0000de12   0x0000003e   Code   RO         1726    i._OnButtonReleased  GUI_CM3.lib(button.o)
    0x0000de50   0x00000034   Code   RO          484    i._OnExit           GUI_CM3.lib(gui_alloc.o)
    0x0000de84   0x00000018   Code   RO          531    i._OnExit           GUI_CM3.lib(gui_core.o)
    0x0000de9c   0x00000018   Code   RO          560    i._OnExit           GUI_CM3.lib(gui_curs1.o)
    0x0000deb4   0x00000024   Code   RO         1084    i._OnExit           GUI_CM3.lib(wm.o)
    0x0000ded8   0x00000014   Code   RO         1420    i._OnExit           GUI_CM3.lib(gui_task.o)
    0x0000deec   0x00000010   Code   RO         2295    i._OnExit           GUI_CM3.lib(gui_timer.o)
    0x0000defc   0x00000028   Code   RO         2894    i._OnExit           GUI_CM3.lib(gui__alpha.o)
    0x0000df24   0x00000060   Code   RO          973    i._OnPage           GUI_CM3.lib(listview.o)
    0x0000df84   0x00000064   Code   RO         2850    i._OnTimer          GUI_CM3.lib(scrollbar.o)
    0x0000dfe8   0x0000006c   Code   RO         1754    i._OnTouch          GUI_CM3.lib(checkbox.o)
    0x0000e054   0x00000070   Code   RO         1778    i._OnTouch          GUI_CM3.lib(framewin.o)
    0x0000e0c4   0x000001be   Code   RO         2851    i._OnTouch          GUI_CM3.lib(scrollbar.o)
    0x0000e282   0x00000042   Code   RO         1728    i._OnTouchDefault   GUI_CM3.lib(button.o)
    0x0000e2c4   0x0000009a   Code   RO          915    i._Paint            GUI_CM3.lib(edit.o)
    0x0000e35e   0x00000002   PAD
    0x0000e360   0x000003f0   Code   RO          974    i._Paint            GUI_CM3.lib(listview.o)
    0x0000e750   0x00000056   Code   RO         1908    i._Paint            GUI_CM3.lib(text.o)
    0x0000e7a6   0x0000012c   Code   RO         2622    i._Paint            GUI_CM3.lib(button_skinclassic.o)
    0x0000e8d2   0x000001a4   Code   RO         2640    i._Paint            GUI_CM3.lib(checkbox_skinclassic.o)
    0x0000ea76   0x00000002   PAD
    0x0000ea78   0x0000010c   Code   RO         2653    i._Paint            GUI_CM3.lib(framewin_skinclassic.o)
    0x0000eb84   0x00000260   Code   RO         2668    i._Paint            GUI_CM3.lib(header_skinclassic.o)
    0x0000ede4   0x00000164   Code   RO         2910    i._Paint            GUI_CM3.lib(scrollbar_skinclassic.o)
    0x0000ef48   0x00000018   Code   RO         1085    i._Paint1           GUI_CM3.lib(wm.o)
    0x0000ef60   0x00000064   Code   RO         1086    i._Paint1Trans      GUI_CM3.lib(wm.o)
    0x0000efc4   0x0000006a   Code   RO         1087    i._PaintTransChildren  GUI_CM3.lib(wm.o)
    0x0000f02e   0x0000003a   Code   RO         1366    i._PixelExists      GUI_CM3.lib(gui_sprite.o)
    0x0000f068   0x0000002c   Code   RO          801    i._ReadRect         GUI_CM3.lib(guidrv_lin_16.o)
    0x0000f094   0x0000003c   Code   RO          485    i._RemoveFreeMemory  GUI_CM3.lib(gui_alloc.o)
    0x0000f0d0   0x000000c8   Code   RO          486    i._RemoveHoles      GUI_CM3.lib(gui_alloc.o)
    0x0000f198   0x00000024   Code   RO         1876    i._RestoreOldCursor  GUI_CM3.lib(header.o)
    0x0000f1bc   0x0000004e   Code   RO         2747    i._Screen2hWin      GUI_CM3.lib(wm_screen2win.o)
    0x0000f20a   0x00000002   PAD
    0x0000f20c   0x00000014   Code   RO         2748    i._Screen2hWinStop  GUI_CM3.lib(wm_screen2win.o)
    0x0000f220   0x00000038   Code   RO         1779    i._SetActive        GUI_CM3.lib(framewin.o)
    0x0000f258   0x00000026   Code   RO          802    i._SetAlpha         GUI_CM3.lib(guidrv_lin_16.o)
    0x0000f27e   0x00000010   Code   RO          803    i._SetAlphaMode     GUI_CM3.lib(guidrv_lin_16.o)
    0x0000f28e   0x00000002   PAD
    0x0000f290   0x00000020   Code   RO         1494    i._SetBkColor       GUI_CM3.lib(lcd.o)
    0x0000f2b0   0x00000012   Code   RO          804    i._SetChroma        GUI_CM3.lib(guidrv_lin_16.o)
    0x0000f2c2   0x00000010   Code   RO          805    i._SetChromaMode    GUI_CM3.lib(guidrv_lin_16.o)
    0x0000f2d2   0x00000002   PAD
    0x0000f2d4   0x00000048   Code   RO         1088    i._SetClipRectUserIntersect  GUI_CM3.lib(wm.o)
    0x0000f31c   0x00000020   Code   RO         1495    i._SetColor         GUI_CM3.lib(lcd.o)
    0x0000f33c   0x00000034   Code   RO         1496    i._SetDrawMode      GUI_CM3.lib(lcd.o)
    0x0000f370   0x00000032   Code   RO          806    i._SetFunc          GUI_CM3.lib(guidrv_lin_16.o)
    0x0000f3a2   0x000000a4   Code   RO          807    i._SetOrg           GUI_CM3.lib(guidrv_lin_16.o)
    0x0000f446   0x0000000e   Code   RO         1369    i._SetOrg           GUI_CM3.lib(gui_sprite.o)
    0x0000f454   0x00000008   Code   RO         1667    i._SetOrg           GUI_CM3.lib(guidev_16.o)
    0x0000f45c   0x00000008   Code   RO         2547    i._SetOrg           GUI_CM3.lib(guidev_32.o)
    0x0000f464   0x00000012   Code   RO          808    i._SetPixelIndex    GUI_CM3.lib(guidrv_lin_16.o)
    0x0000f476   0x00000060   Code   RO         1370    i._SetPixelIndex    GUI_CM3.lib(gui_sprite.o)
    0x0000f4d6   0x00000002   PAD
    0x0000f4d8   0x00000048   Code   RO         1668    i._SetPixelIndex    GUI_CM3.lib(guidev_16.o)
    0x0000f520   0x00000048   Code   RO         2548    i._SetPixelIndex    GUI_CM3.lib(guidev_32.o)
    0x0000f568   0x0000002e   Code   RO          809    i._SetPos           GUI_CM3.lib(guidrv_lin_16.o)
    0x0000f596   0x00000002   PAD
    0x0000f598   0x00000284   Code   RO         1371    i._SetPosition      GUI_CM3.lib(gui_sprite.o)
    0x0000f81c   0x00000036   Code   RO         2056    i._SetScrollbar     GUI_CM3.lib(wm_setscrollbar.o)
    0x0000f852   0x0000008a   Code   RO          975    i._SetSelFromPos    GUI_CM3.lib(listview.o)
    0x0000f8dc   0x00000044   Code   RO          810    i._SetSize          GUI_CM3.lib(guidrv_lin_16.o)
    0x0000f920   0x0000001e   Code   RO         1372    i._SetSpriteBkPixel  GUI_CM3.lib(gui_sprite.o)
    0x0000f93e   0x00000028   Code   RO          811    i._SetVRAMAddr      GUI_CM3.lib(guidrv_lin_16.o)
    0x0000f966   0x0000002a   Code   RO          812    i._SetVSize         GUI_CM3.lib(guidrv_lin_16.o)
    0x0000f990   0x00000026   Code   RO          813    i._SetVis           GUI_CM3.lib(guidrv_lin_16.o)
    0x0000f9b6   0x00000002   PAD
    0x0000f9b8   0x00000038   Code   RO          561    i._Show             GUI_CM3.lib(gui_curs1.o)
    0x0000f9f0   0x00000024   Code   RO          814    i._ShowBuffer       GUI_CM3.lib(guidrv_lin_16.o)
    0x0000fa14   0x000000d8   Code   RO         1373    i._SpriteDraw       GUI_CM3.lib(gui_sprite.o)
    0x0000faec   0x00000058   Code   RO         2208    i._StoreState       GUI_CM3.lib(gui_pid.o)
    0x0000fb44   0x00000030   Code   RO          631    i._StoreUnstable    GUI_CM3.lib(gui_touch_driveranalog.o)
    0x0000fb74   0x000000ea   Code   RO          487    i._TestRAM          GUI_CM3.lib(gui_alloc.o)
    0x0000fc5e   0x00000002   PAD
    0x0000fc60   0x000000b0   Code   RO         1374    i._Undraw           GUI_CM3.lib(gui_sprite.o)
    0x0000fd10   0x00000014   Code   RO         1375    i._Unlink           GUI_CM3.lib(gui_sprite.o)
    0x0000fd24   0x0000002c   Code   RO         2296    i._Unlink           GUI_CM3.lib(gui_timer.o)
    0x0000fd50   0x00000010   Code   RO         1469    i._WaitEvent        GUI_CM3.lib(gui_waitevent.o)
    0x0000fd60   0x00000028   Code   RO         2784    i._WrapGetNumCharsDisp  GUI_CM3.lib(gui__wrap.o)
    0x0000fd88   0x0000000e   Code   RO          488    i._WriteTagData     GUI_CM3.lib(gui_alloc.o)
    0x0000fd96   0x00000002   PAD
    0x0000fd98   0x0000032c   Code   RO         2612    i._WriteToActiveOpaque_8  GUI_CM3.lib(guidev_writetoactiveopaque.o)
    0x000100c4   0x000002c8   Code   RO         2613    i._WriteToActiveOpaque_HT  GUI_CM3.lib(guidev_writetoactiveopaque.o)
    0x0001038c   0x00000030   Code   RO         1669    i._XY2PTR           GUI_CM3.lib(guidev_16.o)
    0x000103bc   0x00000030   Code   RO         2549    i._XY2PTR           GUI_CM3.lib(guidev_32.o)
    0x000103ec   0x00000028   Code   RO          815    i._XorPixel         GUI_CM3.lib(guidrv_lin_16.o)
    0x00010414   0x00000068   Code   RO         1376    i._XorPixel         GUI_CM3.lib(gui_sprite.o)
    0x0001047c   0x00000054   Code   RO         1670    i._XorPixel         GUI_CM3.lib(guidev_16.o)
    0x000104d0   0x00000058   Code   RO         2550    i._XorPixel         GUI_CM3.lib(guidev_32.o)
    0x00010528   0x0000000e   Code   RO         2961    i.__scatterload_copy  mc_w.l(handlers.o)
    0x00010536   0x00000002   Code   RO         2962    i.__scatterload_null  mc_w.l(handlers.o)
    0x00010538   0x0000000e   Code   RO         2963    i.__scatterload_zeroinit  mc_w.l(handlers.o)
    0x00010546   0x00000004   Code   RO         2710    i._cbInvalidateOne  GUI_CM3.lib(wm_bringtotop.o)
    0x0001054a   0x00000002   PAD
    0x0001054c   0x00000034   Code   RO         1089    i._cbPaintMemDev    GUI_CM3.lib(wm.o)
    0x00010580   0x0000002e   Code   RO         2073    i._cbTimer          GUI_CM3.lib(wm_timer.o)
    0x000105ae   0x00000002   PAD
    0x000105b0   0x00000048   Code   RO         1090    i.cbBackWin         GUI_CM3.lib(wm.o)
    0x000105f8   0x000000d8   Data   RO          105    .constdata          nhn_oppfmslot.o
    0x000106d0   0x000001c0   Data   RO          225    .constdata          apset.o
    0x00010890   0x00000018   Data   RO          452    .constdata          GUI_CM3.lib(guicc_565.o)
    0x000108a8   0x00000008   Data   RO          533    .constdata          GUI_CM3.lib(gui_core.o)
    0x000108b0   0x0000000c   Data   RO          614    .constdata          GUI_CM3.lib(gui_sif_propext.o)
    0x000108bc   0x00000018   Data   RO          615    .constdata          GUI_CM3.lib(gui_sif_propext.o)
    0x000108d4   0x00000010   Data   RO          654    .constdata          GUI_CM3.lib(gui_uc_encodeutf8.o)
    0x000108e4   0x00000034   Data   RO          816    .constdata          GUI_CM3.lib(guidrv_lin_16.o)
    0x00010918   0x00000020   Data   RO         1171    .constdata          GUI_CM3.lib(gui__divtbl_31_255.o)
    0x00010938   0x00000040   Data   RO         1172    .constdata          GUI_CM3.lib(gui__divtbl_63_255.o)
    0x00010978   0x00000100   Data   RO         1173    .constdata          GUI_CM3.lib(gui__divtbl_255_31.o)
    0x00010a78   0x00000100   Data   RO         1174    .constdata          GUI_CM3.lib(gui__divtbl_255_63.o)
    0x00010b78   0x00000010   Data   RO         1208    .constdata          GUI_CM3.lib(gui_addhex.o)
    0x00010b88   0x00000014   Data   RO         1224    .constdata          GUI_CM3.lib(gui_cursorarrowm.o)
    0x00010b9c   0x0000000c   Data   RO         1225    .constdata          GUI_CM3.lib(gui_cursorarrowm.o)
    0x00010ba8   0x0000000c   Data   RO         1247    .constdata          GUI_CM3.lib(gui_encext.o)
    0x00010bb4   0x00000034   Data   RO         1377    .constdata          GUI_CM3.lib(gui_sprite.o)
    0x00010be8   0x00000010   Data   RO         1458    .constdata          GUI_CM3.lib(gui_uc_encodenone.o)
    0x00010bf8   0x0000000c   Data   RO         1497    .constdata          GUI_CM3.lib(lcd.o)
    0x00010c04   0x00000100   Data   RO         1527    .constdata          GUI_CM3.lib(lcd_mirror.o)
    0x00010d04   0x00000518   Data   RO         1530    .constdata          GUI_CM3.lib(f6x8.o)
    0x0001121c   0x000001c0   Data   RO         1531    .constdata          GUI_CM3.lib(f6x8.o)
    0x000113dc   0x00000008   Data   RO         1532    .constdata          GUI_CM3.lib(f6x8.o)
    0x000113e4   0x00000014   Data   RO         1533    .constdata          GUI_CM3.lib(f6x8.o)
    0x000113f8   0x00000024   Data   RO         1534    .constdata          GUI_CM3.lib(f6x8.o)
    0x0001141c   0x0000000d   Data   RO         1536    .constdata          GUI_CM3.lib(f13_1.o)
    0x00011429   0x0000000d   Data   RO         1537    .constdata          GUI_CM3.lib(f13_1.o)
    0x00011436   0x0000000d   Data   RO         1538    .constdata          GUI_CM3.lib(f13_1.o)
    0x00011443   0x0000000d   Data   RO         1539    .constdata          GUI_CM3.lib(f13_1.o)
    0x00011450   0x0000000d   Data   RO         1540    .constdata          GUI_CM3.lib(f13_1.o)
    0x0001145d   0x0000000d   Data   RO         1541    .constdata          GUI_CM3.lib(f13_1.o)
    0x0001146a   0x0000000d   Data   RO         1542    .constdata          GUI_CM3.lib(f13_1.o)
    0x00011477   0x0000000d   Data   RO         1543    .constdata          GUI_CM3.lib(f13_1.o)
    0x00011484   0x0000000d   Data   RO         1544    .constdata          GUI_CM3.lib(f13_1.o)
    0x00011491   0x0000001a   Data   RO         1545    .constdata          GUI_CM3.lib(f13_1.o)
    0x000114ab   0x0000000d   Data   RO         1546    .constdata          GUI_CM3.lib(f13_1.o)
    0x000114b8   0x0000000d   Data   RO         1547    .constdata          GUI_CM3.lib(f13_1.o)
    0x000114c5   0x0000000d   Data   RO         1548    .constdata          GUI_CM3.lib(f13_1.o)
    0x000114d2   0x0000000d   Data   RO         1549    .constdata          GUI_CM3.lib(f13_1.o)
    0x000114df   0x0000001a   Data   RO         1550    .constdata          GUI_CM3.lib(f13_1.o)
    0x000114f9   0x0000000d   Data   RO         1551    .constdata          GUI_CM3.lib(f13_1.o)
    0x00011506   0x0000000d   Data   RO         1552    .constdata          GUI_CM3.lib(f13_1.o)
    0x00011513   0x0000000d   Data   RO         1553    .constdata          GUI_CM3.lib(f13_1.o)
    0x00011520   0x0000000d   Data   RO         1554    .constdata          GUI_CM3.lib(f13_1.o)
    0x0001152d   0x0000000d   Data   RO         1555    .constdata          GUI_CM3.lib(f13_1.o)
    0x0001153a   0x0000000d   Data   RO         1556    .constdata          GUI_CM3.lib(f13_1.o)
    0x00011547   0x0000000d   Data   RO         1557    .constdata          GUI_CM3.lib(f13_1.o)
    0x00011554   0x0000000d   Data   RO         1558    .constdata          GUI_CM3.lib(f13_1.o)
    0x00011561   0x0000000d   Data   RO         1559    .constdata          GUI_CM3.lib(f13_1.o)
    0x0001156e   0x0000000d   Data   RO         1560    .constdata          GUI_CM3.lib(f13_1.o)
    0x0001157b   0x0000000d   Data   RO         1561    .constdata          GUI_CM3.lib(f13_1.o)
    0x00011588   0x0000000d   Data   RO         1562    .constdata          GUI_CM3.lib(f13_1.o)
    0x00011595   0x0000000d   Data   RO         1563    .constdata          GUI_CM3.lib(f13_1.o)
    0x000115a2   0x0000001a   Data   RO         1564    .constdata          GUI_CM3.lib(f13_1.o)
    0x000115bc   0x0000001a   Data   RO         1565    .constdata          GUI_CM3.lib(f13_1.o)
    0x000115d6   0x0000001a   Data   RO         1566    .constdata          GUI_CM3.lib(f13_1.o)
    0x000115f0   0x0000000d   Data   RO         1567    .constdata          GUI_CM3.lib(f13_1.o)
    0x000115fd   0x0000000d   Data   RO         1568    .constdata          GUI_CM3.lib(f13_1.o)
    0x0001160a   0x0000000d   Data   RO         1569    .constdata          GUI_CM3.lib(f13_1.o)
    0x00011617   0x0000000d   Data   RO         1570    .constdata          GUI_CM3.lib(f13_1.o)
    0x00011624   0x0000000d   Data   RO         1571    .constdata          GUI_CM3.lib(f13_1.o)
    0x00011631   0x0000000d   Data   RO         1572    .constdata          GUI_CM3.lib(f13_1.o)
    0x0001163e   0x0000000d   Data   RO         1573    .constdata          GUI_CM3.lib(f13_1.o)
    0x0001164b   0x0000001a   Data   RO         1574    .constdata          GUI_CM3.lib(f13_1.o)
    0x00011665   0x0000000d   Data   RO         1575    .constdata          GUI_CM3.lib(f13_1.o)
    0x00011672   0x0000000d   Data   RO         1576    .constdata          GUI_CM3.lib(f13_1.o)
    0x0001167f   0x0000000d   Data   RO         1577    .constdata          GUI_CM3.lib(f13_1.o)
    0x0001168c   0x0000000d   Data   RO         1578    .constdata          GUI_CM3.lib(f13_1.o)
    0x00011699   0x0000000d   Data   RO         1579    .constdata          GUI_CM3.lib(f13_1.o)
    0x000116a6   0x0000000d   Data   RO         1580    .constdata          GUI_CM3.lib(f13_1.o)
    0x000116b3   0x0000000d   Data   RO         1581    .constdata          GUI_CM3.lib(f13_1.o)
    0x000116c0   0x0000000d   Data   RO         1582    .constdata          GUI_CM3.lib(f13_1.o)
    0x000116cd   0x0000000d   Data   RO         1583    .constdata          GUI_CM3.lib(f13_1.o)
    0x000116da   0x0000000d   Data   RO         1584    .constdata          GUI_CM3.lib(f13_1.o)
    0x000116e7   0x0000000d   Data   RO         1585    .constdata          GUI_CM3.lib(f13_1.o)
    0x000116f4   0x0000000d   Data   RO         1586    .constdata          GUI_CM3.lib(f13_1.o)
    0x00011701   0x0000000d   Data   RO         1587    .constdata          GUI_CM3.lib(f13_1.o)
    0x0001170e   0x0000000d   Data   RO         1588    .constdata          GUI_CM3.lib(f13_1.o)
    0x0001171b   0x0000000d   Data   RO         1589    .constdata          GUI_CM3.lib(f13_1.o)
    0x00011728   0x0000000d   Data   RO         1590    .constdata          GUI_CM3.lib(f13_1.o)
    0x00011735   0x0000000d   Data   RO         1591    .constdata          GUI_CM3.lib(f13_1.o)
    0x00011742   0x0000000d   Data   RO         1592    .constdata          GUI_CM3.lib(f13_1.o)
    0x0001174f   0x0000000d   Data   RO         1593    .constdata          GUI_CM3.lib(f13_1.o)
    0x0001175c   0x0000000d   Data   RO         1594    .constdata          GUI_CM3.lib(f13_1.o)
    0x00011769   0x0000000d   Data   RO         1595    .constdata          GUI_CM3.lib(f13_1.o)
    0x00011776   0x0000000d   Data   RO         1596    .constdata          GUI_CM3.lib(f13_1.o)
    0x00011783   0x0000000d   Data   RO         1597    .constdata          GUI_CM3.lib(f13_1.o)
    0x00011790   0x0000000d   Data   RO         1598    .constdata          GUI_CM3.lib(f13_1.o)
    0x0001179d   0x0000000d   Data   RO         1599    .constdata          GUI_CM3.lib(f13_1.o)
    0x000117aa   0x0000000d   Data   RO         1600    .constdata          GUI_CM3.lib(f13_1.o)
    0x000117b7   0x0000000d   Data   RO         1601    .constdata          GUI_CM3.lib(f13_1.o)
    0x000117c4   0x0000000d   Data   RO         1602    .constdata          GUI_CM3.lib(f13_1.o)
    0x000117d1   0x0000000d   Data   RO         1603    .constdata          GUI_CM3.lib(f13_1.o)
    0x000117de   0x0000000d   Data   RO         1604    .constdata          GUI_CM3.lib(f13_1.o)
    0x000117eb   0x0000000d   Data   RO         1605    .constdata          GUI_CM3.lib(f13_1.o)
    0x000117f8   0x0000001a   Data   RO         1606    .constdata          GUI_CM3.lib(f13_1.o)
    0x00011812   0x0000000d   Data   RO         1607    .constdata          GUI_CM3.lib(f13_1.o)
    0x0001181f   0x0000000d   Data   RO         1608    .constdata          GUI_CM3.lib(f13_1.o)
    0x0001182c   0x0000000d   Data   RO         1609    .constdata          GUI_CM3.lib(f13_1.o)
    0x00011839   0x0000000d   Data   RO         1610    .constdata          GUI_CM3.lib(f13_1.o)
    0x00011846   0x0000000d   Data   RO         1611    .constdata          GUI_CM3.lib(f13_1.o)
    0x00011853   0x0000000d   Data   RO         1612    .constdata          GUI_CM3.lib(f13_1.o)
    0x00011860   0x0000000d   Data   RO         1613    .constdata          GUI_CM3.lib(f13_1.o)
    0x0001186d   0x0000000d   Data   RO         1614    .constdata          GUI_CM3.lib(f13_1.o)
    0x0001187a   0x0000000d   Data   RO         1615    .constdata          GUI_CM3.lib(f13_1.o)
    0x00011887   0x0000000d   Data   RO         1616    .constdata          GUI_CM3.lib(f13_1.o)
    0x00011894   0x0000000d   Data   RO         1617    .constdata          GUI_CM3.lib(f13_1.o)
    0x000118a1   0x0000000d   Data   RO         1618    .constdata          GUI_CM3.lib(f13_1.o)
    0x000118ae   0x0000000d   Data   RO         1619    .constdata          GUI_CM3.lib(f13_1.o)
    0x000118bb   0x0000000d   Data   RO         1620    .constdata          GUI_CM3.lib(f13_1.o)
    0x000118c8   0x0000000d   Data   RO         1621    .constdata          GUI_CM3.lib(f13_1.o)
    0x000118d5   0x0000000d   Data   RO         1622    .constdata          GUI_CM3.lib(f13_1.o)
    0x000118e2   0x0000000d   Data   RO         1623    .constdata          GUI_CM3.lib(f13_1.o)
    0x000118ef   0x0000000d   Data   RO         1624    .constdata          GUI_CM3.lib(f13_1.o)
    0x000118fc   0x0000000d   Data   RO         1625    .constdata          GUI_CM3.lib(f13_1.o)
    0x00011909   0x0000000d   Data   RO         1626    .constdata          GUI_CM3.lib(f13_1.o)
    0x00011916   0x0000000d   Data   RO         1627    .constdata          GUI_CM3.lib(f13_1.o)
    0x00011923   0x0000000d   Data   RO         1628    .constdata          GUI_CM3.lib(f13_1.o)
    0x00011930   0x0000000d   Data   RO         1629    .constdata          GUI_CM3.lib(f13_1.o)
    0x0001193d   0x0000000d   Data   RO         1630    .constdata          GUI_CM3.lib(f13_1.o)
    0x0001194a   0x0000000d   Data   RO         1631    .constdata          GUI_CM3.lib(f13_1.o)
    0x00011957   0x00000001   PAD
    0x00011958   0x00000300   Data   RO         1632    .constdata          GUI_CM3.lib(f13_1.o)
    0x00011c58   0x0000000c   Data   RO         1633    .constdata          GUI_CM3.lib(f13_1.o)
    0x00011c64   0x00000024   Data   RO         1634    .constdata          GUI_CM3.lib(f13_1.o)
    0x00011c88   0x00000074   Data   RO         1671    .constdata          GUI_CM3.lib(guidev_16.o)
    0x00011cfc   0x0000003c   Data   RO         2163    .constdata          GUI_CM3.lib(gui_cursorarrowmpx.o)
    0x00011d38   0x00000014   Data   RO         2164    .constdata          GUI_CM3.lib(gui_cursorheaderm.o)
    0x00011d4c   0x0000000c   Data   RO         2165    .constdata          GUI_CM3.lib(gui_cursorheaderm.o)
    0x00011d58   0x0000000c   Data   RO         2166    .constdata          GUI_CM3.lib(gui_cursorpal.o)
    0x00011d64   0x0000000c   Data   RO         2167    .constdata          GUI_CM3.lib(gui_cursorpal.o)
    0x00011d70   0x00000018   Data   RO         2318    .constdata          GUI_CM3.lib(guicc_0.o)
    0x00011d88   0x00000018   Data   RO         2328    .constdata          GUI_CM3.lib(guicc_8888.o)
    0x00011da0   0x00000008   Data   RO         2337    .constdata          GUI_CM3.lib(f08_1.o)
    0x00011da8   0x00000008   Data   RO         2338    .constdata          GUI_CM3.lib(f08_1.o)
    0x00011db0   0x00000008   Data   RO         2339    .constdata          GUI_CM3.lib(f08_1.o)
    0x00011db8   0x00000008   Data   RO         2340    .constdata          GUI_CM3.lib(f08_1.o)
    0x00011dc0   0x00000008   Data   RO         2341    .constdata          GUI_CM3.lib(f08_1.o)
    0x00011dc8   0x00000008   Data   RO         2342    .constdata          GUI_CM3.lib(f08_1.o)
    0x00011dd0   0x00000008   Data   RO         2343    .constdata          GUI_CM3.lib(f08_1.o)
    0x00011dd8   0x00000008   Data   RO         2344    .constdata          GUI_CM3.lib(f08_1.o)
    0x00011de0   0x00000008   Data   RO         2345    .constdata          GUI_CM3.lib(f08_1.o)
    0x00011de8   0x00000008   Data   RO         2346    .constdata          GUI_CM3.lib(f08_1.o)
    0x00011df0   0x00000008   Data   RO         2347    .constdata          GUI_CM3.lib(f08_1.o)
    0x00011df8   0x00000008   Data   RO         2348    .constdata          GUI_CM3.lib(f08_1.o)
    0x00011e00   0x00000008   Data   RO         2349    .constdata          GUI_CM3.lib(f08_1.o)
    0x00011e08   0x00000008   Data   RO         2350    .constdata          GUI_CM3.lib(f08_1.o)
    0x00011e10   0x00000008   Data   RO         2351    .constdata          GUI_CM3.lib(f08_1.o)
    0x00011e18   0x00000008   Data   RO         2352    .constdata          GUI_CM3.lib(f08_1.o)
    0x00011e20   0x00000008   Data   RO         2353    .constdata          GUI_CM3.lib(f08_1.o)
    0x00011e28   0x00000008   Data   RO         2354    .constdata          GUI_CM3.lib(f08_1.o)
    0x00011e30   0x00000008   Data   RO         2355    .constdata          GUI_CM3.lib(f08_1.o)
    0x00011e38   0x00000008   Data   RO         2356    .constdata          GUI_CM3.lib(f08_1.o)
    0x00011e40   0x00000008   Data   RO         2357    .constdata          GUI_CM3.lib(f08_1.o)
    0x00011e48   0x00000008   Data   RO         2358    .constdata          GUI_CM3.lib(f08_1.o)
    0x00011e50   0x00000008   Data   RO         2359    .constdata          GUI_CM3.lib(f08_1.o)
    0x00011e58   0x00000008   Data   RO         2360    .constdata          GUI_CM3.lib(f08_1.o)
    0x00011e60   0x00000008   Data   RO         2361    .constdata          GUI_CM3.lib(f08_1.o)
    0x00011e68   0x00000008   Data   RO         2362    .constdata          GUI_CM3.lib(f08_1.o)
    0x00011e70   0x00000008   Data   RO         2363    .constdata          GUI_CM3.lib(f08_1.o)
    0x00011e78   0x00000008   Data   RO         2364    .constdata          GUI_CM3.lib(f08_1.o)
    0x00011e80   0x00000008   Data   RO         2365    .constdata          GUI_CM3.lib(f08_1.o)
    0x00011e88   0x00000008   Data   RO         2366    .constdata          GUI_CM3.lib(f08_1.o)
    0x00011e90   0x00000008   Data   RO         2367    .constdata          GUI_CM3.lib(f08_1.o)
    0x00011e98   0x00000008   Data   RO         2368    .constdata          GUI_CM3.lib(f08_1.o)
    0x00011ea0   0x00000008   Data   RO         2369    .constdata          GUI_CM3.lib(f08_1.o)
    0x00011ea8   0x00000008   Data   RO         2370    .constdata          GUI_CM3.lib(f08_1.o)
    0x00011eb0   0x00000008   Data   RO         2371    .constdata          GUI_CM3.lib(f08_1.o)
    0x00011eb8   0x00000008   Data   RO         2372    .constdata          GUI_CM3.lib(f08_1.o)
    0x00011ec0   0x00000008   Data   RO         2373    .constdata          GUI_CM3.lib(f08_1.o)
    0x00011ec8   0x00000008   Data   RO         2374    .constdata          GUI_CM3.lib(f08_1.o)
    0x00011ed0   0x00000008   Data   RO         2375    .constdata          GUI_CM3.lib(f08_1.o)
    0x00011ed8   0x00000008   Data   RO         2376    .constdata          GUI_CM3.lib(f08_1.o)
    0x00011ee0   0x00000008   Data   RO         2377    .constdata          GUI_CM3.lib(f08_1.o)
    0x00011ee8   0x00000008   Data   RO         2378    .constdata          GUI_CM3.lib(f08_1.o)
    0x00011ef0   0x00000008   Data   RO         2379    .constdata          GUI_CM3.lib(f08_1.o)
    0x00011ef8   0x00000008   Data   RO         2380    .constdata          GUI_CM3.lib(f08_1.o)
    0x00011f00   0x00000008   Data   RO         2381    .constdata          GUI_CM3.lib(f08_1.o)
    0x00011f08   0x00000008   Data   RO         2382    .constdata          GUI_CM3.lib(f08_1.o)
    0x00011f10   0x00000008   Data   RO         2383    .constdata          GUI_CM3.lib(f08_1.o)
    0x00011f18   0x00000008   Data   RO         2384    .constdata          GUI_CM3.lib(f08_1.o)
    0x00011f20   0x00000008   Data   RO         2385    .constdata          GUI_CM3.lib(f08_1.o)
    0x00011f28   0x00000008   Data   RO         2386    .constdata          GUI_CM3.lib(f08_1.o)
    0x00011f30   0x00000008   Data   RO         2387    .constdata          GUI_CM3.lib(f08_1.o)
    0x00011f38   0x00000008   Data   RO         2388    .constdata          GUI_CM3.lib(f08_1.o)
    0x00011f40   0x00000008   Data   RO         2389    .constdata          GUI_CM3.lib(f08_1.o)
    0x00011f48   0x00000008   Data   RO         2390    .constdata          GUI_CM3.lib(f08_1.o)
    0x00011f50   0x00000008   Data   RO         2391    .constdata          GUI_CM3.lib(f08_1.o)
    0x00011f58   0x00000008   Data   RO         2392    .constdata          GUI_CM3.lib(f08_1.o)
    0x00011f60   0x00000008   Data   RO         2393    .constdata          GUI_CM3.lib(f08_1.o)
    0x00011f68   0x00000008   Data   RO         2394    .constdata          GUI_CM3.lib(f08_1.o)
    0x00011f70   0x00000008   Data   RO         2395    .constdata          GUI_CM3.lib(f08_1.o)
    0x00011f78   0x00000008   Data   RO         2396    .constdata          GUI_CM3.lib(f08_1.o)
    0x00011f80   0x00000008   Data   RO         2397    .constdata          GUI_CM3.lib(f08_1.o)
    0x00011f88   0x00000008   Data   RO         2398    .constdata          GUI_CM3.lib(f08_1.o)
    0x00011f90   0x00000008   Data   RO         2399    .constdata          GUI_CM3.lib(f08_1.o)
    0x00011f98   0x00000008   Data   RO         2400    .constdata          GUI_CM3.lib(f08_1.o)
    0x00011fa0   0x00000008   Data   RO         2401    .constdata          GUI_CM3.lib(f08_1.o)
    0x00011fa8   0x00000008   Data   RO         2402    .constdata          GUI_CM3.lib(f08_1.o)
    0x00011fb0   0x00000008   Data   RO         2403    .constdata          GUI_CM3.lib(f08_1.o)
    0x00011fb8   0x00000008   Data   RO         2404    .constdata          GUI_CM3.lib(f08_1.o)
    0x00011fc0   0x00000008   Data   RO         2405    .constdata          GUI_CM3.lib(f08_1.o)
    0x00011fc8   0x00000008   Data   RO         2406    .constdata          GUI_CM3.lib(f08_1.o)
    0x00011fd0   0x00000010   Data   RO         2407    .constdata          GUI_CM3.lib(f08_1.o)
    0x00011fe0   0x00000008   Data   RO         2408    .constdata          GUI_CM3.lib(f08_1.o)
    0x00011fe8   0x00000008   Data   RO         2409    .constdata          GUI_CM3.lib(f08_1.o)
    0x00011ff0   0x00000008   Data   RO         2410    .constdata          GUI_CM3.lib(f08_1.o)
    0x00011ff8   0x00000008   Data   RO         2411    .constdata          GUI_CM3.lib(f08_1.o)
    0x00012000   0x00000008   Data   RO         2412    .constdata          GUI_CM3.lib(f08_1.o)
    0x00012008   0x00000008   Data   RO         2413    .constdata          GUI_CM3.lib(f08_1.o)
    0x00012010   0x00000008   Data   RO         2414    .constdata          GUI_CM3.lib(f08_1.o)
    0x00012018   0x00000008   Data   RO         2415    .constdata          GUI_CM3.lib(f08_1.o)
    0x00012020   0x00000008   Data   RO         2416    .constdata          GUI_CM3.lib(f08_1.o)
    0x00012028   0x00000008   Data   RO         2417    .constdata          GUI_CM3.lib(f08_1.o)
    0x00012030   0x00000008   Data   RO         2418    .constdata          GUI_CM3.lib(f08_1.o)
    0x00012038   0x00000008   Data   RO         2419    .constdata          GUI_CM3.lib(f08_1.o)
    0x00012040   0x00000008   Data   RO         2420    .constdata          GUI_CM3.lib(f08_1.o)
    0x00012048   0x00000008   Data   RO         2421    .constdata          GUI_CM3.lib(f08_1.o)
    0x00012050   0x00000008   Data   RO         2422    .constdata          GUI_CM3.lib(f08_1.o)
    0x00012058   0x00000008   Data   RO         2423    .constdata          GUI_CM3.lib(f08_1.o)
    0x00012060   0x00000008   Data   RO         2424    .constdata          GUI_CM3.lib(f08_1.o)
    0x00012068   0x00000008   Data   RO         2425    .constdata          GUI_CM3.lib(f08_1.o)
    0x00012070   0x00000008   Data   RO         2426    .constdata          GUI_CM3.lib(f08_1.o)
    0x00012078   0x00000008   Data   RO         2427    .constdata          GUI_CM3.lib(f08_1.o)
    0x00012080   0x00000008   Data   RO         2428    .constdata          GUI_CM3.lib(f08_1.o)
    0x00012088   0x00000008   Data   RO         2429    .constdata          GUI_CM3.lib(f08_1.o)
    0x00012090   0x00000008   Data   RO         2430    .constdata          GUI_CM3.lib(f08_1.o)
    0x00012098   0x00000008   Data   RO         2431    .constdata          GUI_CM3.lib(f08_1.o)
    0x000120a0   0x00000008   Data   RO         2432    .constdata          GUI_CM3.lib(f08_1.o)
    0x000120a8   0x00000300   Data   RO         2433    .constdata          GUI_CM3.lib(f08_1.o)
    0x000123a8   0x0000000c   Data   RO         2434    .constdata          GUI_CM3.lib(f08_1.o)
    0x000123b4   0x00000024   Data   RO         2435    .constdata          GUI_CM3.lib(f08_1.o)
    0x000123d8   0x0000000d   Data   RO         2436    .constdata          GUI_CM3.lib(f13_ascii.o)
    0x000123e5   0x0000000d   Data   RO         2437    .constdata          GUI_CM3.lib(f13_ascii.o)
    0x000123f2   0x0000000d   Data   RO         2438    .constdata          GUI_CM3.lib(f13_ascii.o)
    0x000123ff   0x0000000d   Data   RO         2439    .constdata          GUI_CM3.lib(f13_ascii.o)
    0x0001240c   0x0000000d   Data   RO         2440    .constdata          GUI_CM3.lib(f13_ascii.o)
    0x00012419   0x0000001a   Data   RO         2441    .constdata          GUI_CM3.lib(f13_ascii.o)
    0x00012433   0x0000000d   Data   RO         2442    .constdata          GUI_CM3.lib(f13_ascii.o)
    0x00012440   0x0000000d   Data   RO         2443    .constdata          GUI_CM3.lib(f13_ascii.o)
    0x0001244d   0x0000000d   Data   RO         2444    .constdata          GUI_CM3.lib(f13_ascii.o)
    0x0001245a   0x0000000d   Data   RO         2445    .constdata          GUI_CM3.lib(f13_ascii.o)
    0x00012467   0x0000000d   Data   RO         2446    .constdata          GUI_CM3.lib(f13_ascii.o)
    0x00012474   0x0000000d   Data   RO         2447    .constdata          GUI_CM3.lib(f13_ascii.o)
    0x00012481   0x0000000d   Data   RO         2448    .constdata          GUI_CM3.lib(f13_ascii.o)
    0x0001248e   0x0000000d   Data   RO         2449    .constdata          GUI_CM3.lib(f13_ascii.o)
    0x0001249b   0x0000000d   Data   RO         2450    .constdata          GUI_CM3.lib(f13_ascii.o)
    0x000124a8   0x0000000d   Data   RO         2451    .constdata          GUI_CM3.lib(f13_ascii.o)
    0x000124b5   0x0000000d   Data   RO         2452    .constdata          GUI_CM3.lib(f13_ascii.o)
    0x000124c2   0x0000000d   Data   RO         2453    .constdata          GUI_CM3.lib(f13_ascii.o)
    0x000124cf   0x0000000d   Data   RO         2454    .constdata          GUI_CM3.lib(f13_ascii.o)
    0x000124dc   0x0000000d   Data   RO         2455    .constdata          GUI_CM3.lib(f13_ascii.o)
    0x000124e9   0x0000000d   Data   RO         2456    .constdata          GUI_CM3.lib(f13_ascii.o)
    0x000124f6   0x0000000d   Data   RO         2457    .constdata          GUI_CM3.lib(f13_ascii.o)
    0x00012503   0x0000000d   Data   RO         2458    .constdata          GUI_CM3.lib(f13_ascii.o)
    0x00012510   0x0000000d   Data   RO         2459    .constdata          GUI_CM3.lib(f13_ascii.o)
    0x0001251d   0x0000000d   Data   RO         2460    .constdata          GUI_CM3.lib(f13_ascii.o)
    0x0001252a   0x0000000d   Data   RO         2461    .constdata          GUI_CM3.lib(f13_ascii.o)
    0x00012537   0x0000000d   Data   RO         2462    .constdata          GUI_CM3.lib(f13_ascii.o)
    0x00012544   0x0000000d   Data   RO         2463    .constdata          GUI_CM3.lib(f13_ascii.o)
    0x00012551   0x0000000d   Data   RO         2464    .constdata          GUI_CM3.lib(f13_ascii.o)
    0x0001255e   0x0000000d   Data   RO         2465    .constdata          GUI_CM3.lib(f13_ascii.o)
    0x0001256b   0x0000000d   Data   RO         2466    .constdata          GUI_CM3.lib(f13_ascii.o)
    0x00012578   0x0000000d   Data   RO         2467    .constdata          GUI_CM3.lib(f13_ascii.o)
    0x00012585   0x0000001a   Data   RO         2468    .constdata          GUI_CM3.lib(f13_ascii.o)
    0x0001259f   0x0000000d   Data   RO         2469    .constdata          GUI_CM3.lib(f13_ascii.o)
    0x000125ac   0x0000000d   Data   RO         2470    .constdata          GUI_CM3.lib(f13_ascii.o)
    0x000125b9   0x0000000d   Data   RO         2471    .constdata          GUI_CM3.lib(f13_ascii.o)
    0x000125c6   0x0000000d   Data   RO         2472    .constdata          GUI_CM3.lib(f13_ascii.o)
    0x000125d3   0x0000000d   Data   RO         2473    .constdata          GUI_CM3.lib(f13_ascii.o)
    0x000125e0   0x0000000d   Data   RO         2474    .constdata          GUI_CM3.lib(f13_ascii.o)
    0x000125ed   0x0000000d   Data   RO         2475    .constdata          GUI_CM3.lib(f13_ascii.o)
    0x000125fa   0x0000000d   Data   RO         2476    .constdata          GUI_CM3.lib(f13_ascii.o)
    0x00012607   0x0000000d   Data   RO         2477    .constdata          GUI_CM3.lib(f13_ascii.o)
    0x00012614   0x0000000d   Data   RO         2478    .constdata          GUI_CM3.lib(f13_ascii.o)
    0x00012621   0x0000000d   Data   RO         2479    .constdata          GUI_CM3.lib(f13_ascii.o)
    0x0001262e   0x0000000d   Data   RO         2480    .constdata          GUI_CM3.lib(f13_ascii.o)
    0x0001263b   0x0000000d   Data   RO         2481    .constdata          GUI_CM3.lib(f13_ascii.o)
    0x00012648   0x0000000d   Data   RO         2482    .constdata          GUI_CM3.lib(f13_ascii.o)
    0x00012655   0x0000000d   Data   RO         2483    .constdata          GUI_CM3.lib(f13_ascii.o)
    0x00012662   0x0000000d   Data   RO         2484    .constdata          GUI_CM3.lib(f13_ascii.o)
    0x0001266f   0x0000000d   Data   RO         2485    .constdata          GUI_CM3.lib(f13_ascii.o)
    0x0001267c   0x0000000d   Data   RO         2486    .constdata          GUI_CM3.lib(f13_ascii.o)
    0x00012689   0x0000000d   Data   RO         2487    .constdata          GUI_CM3.lib(f13_ascii.o)
    0x00012696   0x0000000d   Data   RO         2488    .constdata          GUI_CM3.lib(f13_ascii.o)
    0x000126a3   0x0000000d   Data   RO         2489    .constdata          GUI_CM3.lib(f13_ascii.o)
    0x000126b0   0x0000000d   Data   RO         2490    .constdata          GUI_CM3.lib(f13_ascii.o)
    0x000126bd   0x0000001a   Data   RO         2491    .constdata          GUI_CM3.lib(f13_ascii.o)
    0x000126d7   0x0000000d   Data   RO         2492    .constdata          GUI_CM3.lib(f13_ascii.o)
    0x000126e4   0x0000000d   Data   RO         2493    .constdata          GUI_CM3.lib(f13_ascii.o)
    0x000126f1   0x0000000d   Data   RO         2494    .constdata          GUI_CM3.lib(f13_ascii.o)
    0x000126fe   0x0000000d   Data   RO         2495    .constdata          GUI_CM3.lib(f13_ascii.o)
    0x0001270b   0x0000000d   Data   RO         2496    .constdata          GUI_CM3.lib(f13_ascii.o)
    0x00012718   0x0000000d   Data   RO         2497    .constdata          GUI_CM3.lib(f13_ascii.o)
    0x00012725   0x0000000d   Data   RO         2498    .constdata          GUI_CM3.lib(f13_ascii.o)
    0x00012732   0x0000000d   Data   RO         2499    .constdata          GUI_CM3.lib(f13_ascii.o)
    0x0001273f   0x0000000d   Data   RO         2500    .constdata          GUI_CM3.lib(f13_ascii.o)
    0x0001274c   0x0000000d   Data   RO         2501    .constdata          GUI_CM3.lib(f13_ascii.o)
    0x00012759   0x0000000d   Data   RO         2502    .constdata          GUI_CM3.lib(f13_ascii.o)
    0x00012766   0x0000000d   Data   RO         2503    .constdata          GUI_CM3.lib(f13_ascii.o)
    0x00012773   0x0000000d   Data   RO         2504    .constdata          GUI_CM3.lib(f13_ascii.o)
    0x00012780   0x0000000d   Data   RO         2505    .constdata          GUI_CM3.lib(f13_ascii.o)
    0x0001278d   0x0000000d   Data   RO         2506    .constdata          GUI_CM3.lib(f13_ascii.o)
    0x0001279a   0x0000000d   Data   RO         2507    .constdata          GUI_CM3.lib(f13_ascii.o)
    0x000127a7   0x0000000d   Data   RO         2508    .constdata          GUI_CM3.lib(f13_ascii.o)
    0x000127b4   0x0000000d   Data   RO         2509    .constdata          GUI_CM3.lib(f13_ascii.o)
    0x000127c1   0x0000000d   Data   RO         2510    .constdata          GUI_CM3.lib(f13_ascii.o)
    0x000127ce   0x0000000d   Data   RO         2511    .constdata          GUI_CM3.lib(f13_ascii.o)
    0x000127db   0x0000000d   Data   RO         2512    .constdata          GUI_CM3.lib(f13_ascii.o)
    0x000127e8   0x0000000d   Data   RO         2513    .constdata          GUI_CM3.lib(f13_ascii.o)
    0x000127f5   0x0000000d   Data   RO         2514    .constdata          GUI_CM3.lib(f13_ascii.o)
    0x00012802   0x0000000d   Data   RO         2515    .constdata          GUI_CM3.lib(f13_ascii.o)
    0x0001280f   0x0000000d   Data   RO         2516    .constdata          GUI_CM3.lib(f13_ascii.o)
    0x0001281c   0x0000000d   Data   RO         2517    .constdata          GUI_CM3.lib(f13_ascii.o)
    0x00012829   0x0000000d   Data   RO         2518    .constdata          GUI_CM3.lib(f13_ascii.o)
    0x00012836   0x0000000d   Data   RO         2519    .constdata          GUI_CM3.lib(f13_ascii.o)
    0x00012843   0x0000000d   Data   RO         2520    .constdata          GUI_CM3.lib(f13_ascii.o)
    0x00012850   0x0000000d   Data   RO         2521    .constdata          GUI_CM3.lib(f13_ascii.o)
    0x0001285d   0x0000000d   Data   RO         2522    .constdata          GUI_CM3.lib(f13_ascii.o)
    0x0001286a   0x0000000d   Data   RO         2523    .constdata          GUI_CM3.lib(f13_ascii.o)
    0x00012877   0x0000000d   Data   RO         2524    .constdata          GUI_CM3.lib(f13_ascii.o)
    0x00012884   0x0000000d   Data   RO         2525    .constdata          GUI_CM3.lib(f13_ascii.o)
    0x00012891   0x0000000d   Data   RO         2526    .constdata          GUI_CM3.lib(f13_ascii.o)
    0x0001289e   0x0000000d   Data   RO         2527    .constdata          GUI_CM3.lib(f13_ascii.o)
    0x000128ab   0x0000000d   Data   RO         2528    .constdata          GUI_CM3.lib(f13_ascii.o)
    0x000128b8   0x0000000d   Data   RO         2529    .constdata          GUI_CM3.lib(f13_ascii.o)
    0x000128c5   0x0000000d   Data   RO         2530    .constdata          GUI_CM3.lib(f13_ascii.o)
    0x000128d2   0x00000002   PAD
    0x000128d4   0x000002f8   Data   RO         2531    .constdata          GUI_CM3.lib(f13_ascii.o)
    0x00012bcc   0x0000000c   Data   RO         2532    .constdata          GUI_CM3.lib(f13_ascii.o)
    0x00012bd8   0x00000074   Data   RO         2551    .constdata          GUI_CM3.lib(guidev_32.o)
    0x00012c4c   0x00000018   Data   RO         2599    .constdata          GUI_CM3.lib(guidev_usagebm.o)
    0x00012c64   0x00000008   Data   RO         2614    .constdata          GUI_CM3.lib(guidev_writetoactiveopaque.o)
    0x00012c6c   0x0000000c   Data   RO         2623    .constdata          GUI_CM3.lib(button_skinclassic.o)
    0x00012c78   0x00000008   Data   RO         2628    .constdata          GUI_CM3.lib(checkbox_image.o)
    0x00012c80   0x00000008   Data   RO         2629    .constdata          GUI_CM3.lib(checkbox_image.o)
    0x00012c88   0x0000000c   Data   RO         2630    .constdata          GUI_CM3.lib(checkbox_image.o)
    0x00012c94   0x0000000c   Data   RO         2631    .constdata          GUI_CM3.lib(checkbox_image.o)
    0x00012ca0   0x00000016   Data   RO         2632    .constdata          GUI_CM3.lib(checkbox_image.o)
    0x00012cb6   0x00000002   PAD
    0x00012cb8   0x00000028   Data   RO         2633    .constdata          GUI_CM3.lib(checkbox_image.o)
    0x00012ce0   0x0000000c   Data   RO         2641    .constdata          GUI_CM3.lib(checkbox_skinclassic.o)
    0x00012cec   0x0000000c   Data   RO         2654    .constdata          GUI_CM3.lib(framewin_skinclassic.o)
    0x00012cf8   0x0000000c   Data   RO         2669    .constdata          GUI_CM3.lib(header_skinclassic.o)
    0x00012d04   0x0000001c   Data   RO         2686    .constdata          GUI_CM3.lib(widget_effect_3d.o)
    0x00012d20   0x00000055   Data   RO         2802    .constdata          GUI_CM3.lib(gui_cursorheadermpx.o)
    0x00012d75   0x000002f8   Data   RO         2819    .constdata          GUI_CM3.lib(f08_ascii.o)
    0x0001306d   0x00000003   PAD
    0x00013070   0x000002f8   Data   RO         2820    .constdata          GUI_CM3.lib(f08_ascii.o)
    0x00013368   0x0000000c   Data   RO         2821    .constdata          GUI_CM3.lib(f08_ascii.o)
    0x00013374   0x0000000c   Data   RO         2911    .constdata          GUI_CM3.lib(scrollbar_skinclassic.o)
    0x00013380   0x000000dd   Data   RO          106    .conststring        nhn_oppfmslot.o
    0x0001345d   0x00000058   Data   RO          226    .conststring        apset.o
    0x000134b5   0x00000003   PAD
    0x000134b8   0x00000030   Data   RO         2959    Region$$Table       anon$$obj.o


    Execution Region RW_IRAM1 (Base: 0x10000000, Size: 0x000029d8, Max: 0x00010000, ABSOLUTE, COMPRESSED[0x00000104])

    Base Addr    Size         Type   Attr      Idx    E Section Name        Object

    0x10000000   0x00000010   Data   RW            4    .data               system_lpc177x_8x.o
    0x10000010   0x00000004   Data   RW          107    .data               nhn_oppfmslot.o
    0x10000014   0x00000014   Data   RW          269    .data               gui_x.o
    0x10000028   0x00000004   Data   RW          343    .data               lcdconf.o
    0x1000002c   0x00000020   Data   RW          424    .data               tsc_2046.o
    0x1000004c   0x00000054   Data   RW          490    .data               GUI_CM3.lib(gui_alloc.o)
    0x100000a0   0x0000001c   Data   RW          534    .data               GUI_CM3.lib(gui_core.o)
    0x100000bc   0x00000004   Data   RW          535    .data               GUI_CM3.lib(gui_core.o)
    0x100000c0   0x00000004   Data   RW          536    .data               GUI_CM3.lib(gui_core.o)
    0x100000c4   0x00000004   Data   RW          537    .data               GUI_CM3.lib(gui_core.o)
    0x100000c8   0x00000004   Data   RW          538    .data               GUI_CM3.lib(gui_core.o)
    0x100000cc   0x00000002   Data   RW          539    .data               GUI_CM3.lib(gui_core.o)
    0x100000ce   0x00000002   Data   RW          540    .data               GUI_CM3.lib(gui_core.o)
    0x100000d0   0x0000000c   Data   RW          563    .data               GUI_CM3.lib(gui_curs1.o)
    0x100000dc   0x00000030   Data   RW          633    .data               GUI_CM3.lib(gui_touch_driveranalog.o)
    0x1000010c   0x00000004   Data   RW          881    .data               GUI_CM3.lib(dialog.o)
    0x10000110   0x0000001c   Data   RW          917    .data               GUI_CM3.lib(edit.o)
    0x1000012c   0x00000030   Data   RW          976    .data               GUI_CM3.lib(listview.o)
    0x1000015c   0x00000004   Data   RW         1031    .data               GUI_CM3.lib(window.o)
    0x10000160   0x00000044   Data   RW         1092    .data               GUI_CM3.lib(wm.o)
    0x100001a4   0x00000001   Data   RW         1093    .data               GUI_CM3.lib(wm.o)
    0x100001a5   0x00000003   PAD
    0x100001a8   0x00000004   Data   RW         1162    .data               GUI_CM3.lib(gui__bidirouting.o)
    0x100001ac   0x00000004   Data   RW         1167    .data               GUI_CM3.lib(gui__bidirouting.o)
    0x100001b0   0x0000000c   Data   RW         1181    .data               GUI_CM3.lib(gui__getcursorpos.o)
    0x100001bc   0x00000004   Data   RW         1196    .data               GUI_CM3.lib(gui__managecache.o)
    0x100001c0   0x00000008   Data   RW         1248    .data               GUI_CM3.lib(gui_encext.o)
    0x100001c8   0x0000000c   Data   RW         1288    .data               GUI_CM3.lib(gui_onkey.o)
    0x100001d4   0x00000004   Data   RW         1312    .data               GUI_CM3.lib(gui_selectlayer.o)
    0x100001d8   0x0000001c   Data   RW         1421    .data               GUI_CM3.lib(gui_task.o)
    0x100001f4   0x00000008   Data   RW         1436    .data               GUI_CM3.lib(gui_touch_storeunstable.o)
    0x100001fc   0x0000000c   Data   RW         1470    .data               GUI_CM3.lib(gui_waitevent.o)
    0x10000208   0x00000004   Data   RW         1498    .data               GUI_CM3.lib(lcd.o)
    0x1000020c   0x00000004   Data   RW         1521    .data               GUI_CM3.lib(lcd_color.o)
    0x10000210   0x00000004   Data   RW         1522    .data               GUI_CM3.lib(lcd_color.o)
    0x10000214   0x00000001   Data   RW         1702    .data               GUI_CM3.lib(guidev_staticdevices.o)
    0x10000215   0x00000003   PAD
    0x10000218   0x0000003c   Data   RW         1730    .data               GUI_CM3.lib(button.o)
    0x10000254   0x00000040   Data   RW         1755    .data               GUI_CM3.lib(checkbox.o)
    0x10000294   0x00000030   Data   RW         1780    .data               GUI_CM3.lib(framewin.o)
    0x100002c4   0x00000028   Data   RW         1877    .data               GUI_CM3.lib(header.o)
    0x100002ec   0x00000010   Data   RW         1909    .data               GUI_CM3.lib(text.o)
    0x100002fc   0x00000004   Data   RW         1949    .data               GUI_CM3.lib(widget.o)
    0x10000300   0x00000004   Data   RW         1984    .data               GUI_CM3.lib(wm__sendmessage.o)
    0x10000304   0x00000018   Data   RW         2086    .data               GUI_CM3.lib(wm_touch.o)
    0x1000031c   0x00000004   Data   RW         2124    .data               GUI_CM3.lib(gui_charline.o)
    0x10000320   0x00000008   Data   RW         2210    .data               GUI_CM3.lib(gui_pid.o)
    0x10000328   0x0000001c   Data   RW         2248    .data               GUI_CM3.lib(gui_setalpha.o)
    0x10000344   0x00000014   Data   RW         2297    .data               GUI_CM3.lib(gui_timer.o)
    0x10000358   0x00000008   Data   RW         2642    .data               GUI_CM3.lib(checkbox_skinclassic.o)
    0x10000360   0x00000008   Data   RW         2655    .data               GUI_CM3.lib(framewin_skinclassic.o)
    0x10000368   0x00000014   Data   RW         2687    .data               GUI_CM3.lib(widget_effect_3d.o)
    0x1000037c   0x00000004   Data   RW         2755    .data               GUI_CM3.lib(wm_setcapturemove.o)
    0x10000380   0x00000008   Data   RW         2785    .data               GUI_CM3.lib(gui__wrap.o)
    0x10000388   0x00000018   Data   RW         2852    .data               GUI_CM3.lib(scrollbar.o)
    0x100003a0   0x00000002   Data   RW         2853    .data               GUI_CM3.lib(scrollbar.o)
    0x100003a2   0x00000002   PAD
    0x100003a4   0x0000001c   Data   RW         2895    .data               GUI_CM3.lib(gui__alpha.o)
    0x100003c0   0x00000024   Zero   RW          104    .bss                nhn_oppfmslot.o
    0x100003e4   0x00000080   Zero   RW          489    .bss                GUI_CM3.lib(gui_alloc.o)
    0x10000464   0x00000068   Zero   RW          532    .bss                GUI_CM3.lib(gui_core.o)
    0x100004cc   0x00000014   Zero   RW          562    .bss                GUI_CM3.lib(gui_curs1.o)
    0x100004e0   0x00000010   Zero   RW          632    .bss                GUI_CM3.lib(gui_touch_driveranalog.o)
    0x100004f0   0x0000000c   Zero   RW          646    .bss                GUI_CM3.lib(gui_touch_storestate.o)
    0x100004fc   0x00000018   Zero   RW         1091    .bss                GUI_CM3.lib(wm.o)
    0x10000514   0x00000058   Zero   RW         1287    .bss                GUI_CM3.lib(gui_onkey.o)
    0x1000056c   0x0000000c   Zero   RW         1431    .bss                GUI_CM3.lib(gui_touch.o)
    0x10000578   0x00000400   Zero   RW         1520    .bss                GUI_CM3.lib(lcd_color.o)
    0x10000978   0x0000000c   Zero   RW         2085    .bss                GUI_CM3.lib(wm_touch.o)
    0x10000984   0x00000048   Zero   RW         2209    .bss                GUI_CM3.lib(gui_pid.o)
    0x100009cc   0x0000000c   Zero   RW         2741    .bss                GUI_CM3.lib(wm_pid__getprevstate.o)
    0x100009d8   0x00002000   Zero   RW           46    STACK               startup_lpc177x_8x.o


    Execution Region RW_RAM1 (Base: 0xa0000000, Size: 0x0107f800, Max: 0x04000000, ABSOLUTE)

    Base Addr    Size         Type   Attr      Idx    E Section Name        Object

    0xa0000000   0x0107f800   Zero   RW          302    .bss                guiconf.o



  Load Region LR_ROM1 (Base: 0x80000000, Size: 0x00096694, Max: 0x01000000, ABSOLUTE)

    Execution Region ER_ROM1 (Base: 0x80000000, Size: 0x00096694, Max: 0x01000000, ABSOLUTE)

    Base Addr    Size         Type   Attr      Idx    E Section Name        Object

    0x80000000   0x00096691   Data   RO          217    .constdata          st_gb231224.o


==============================================================================

Image component sizes


      Code (inc. data)   RO Data    RW Data    ZI Data      Debug   Object Name

       504         24        536          0          0       1834   apset.o
       416         46          0         20          0      27226   gui_x.o
        36          8          0          0   17299456        459   guiconf.o
       216         16          0          0          0       2102   js28f128.o
       640         86          0          0          0       1601   lcd_x_lpc177x_8x.o
       264         14          0          4          0       2446   lcdconf.o
        16          0          0          0          0      42430   main.o
       640         66        437          4         36       8475   nhn_oppfmslot.o
       934         70          0          0          0       1567   sdram.o
         0          0     616081          0          0        284   st_gb231224.o
        44         14        228          0       8192        856   startup_lpc177x_8x.o
       936         90          0         16          0      26963   system_lpc177x_8x.o
       620         52          0         32          0      27107   tsc_2046.o

    ----------------------------------------------------------------------
      5268        486     617336         76   17307684     143350   Object Totals
         0          0         48          0          0          0   (incl. Generated)
         2          0          6          0          0          0   (incl. Padding)

    ----------------------------------------------------------------------

      Code (inc. data)   RO Data    RW Data    ZI Data      Debug   Library Member Name

       592         14          0         60          0        664   button.o
        68          0          0          0          0         88   button_createindirect.o
        12          6          0          0          0         68   button_default.o
       302          0         12          0          0        160   button_skinclassic.o
       482         12          0         64          0        396   checkbox.o
        56          0          0          0          0         88   checkbox_createindirect.o
         0          0        102          0          0          0   checkbox_image.o
        64          0          0          0          0         92   checkbox_setstate.o
       446          4         12          8          0        236   checkbox_skinclassic.o
       244          6          0          4          0        476   dialog.o
      2034         16          0         28          0       1336   edit.o
        74          0          0          0          0         88   edit_createindirect.o
         0          0       1592          0          0          0   f08_1.o
         0          0       1532          0          0          0   f08_ascii.o
         0          0       2155          0          0          0   f13_1.o
         0          0       2046          0          0          0   f13_ascii.o
         0          0       1816          0          0          0   f6x8.o
      1626         24          0         48          0       1088   framewin.o
        64          0          0          0          0         88   framewin_createindirect.o
        24         10          0          0          0        136   framewin_default.o
        46          0          0          0          0         92   framewin_setcolors.o
        38          0          0          0          0         88   framewin_setownerdraw.o
       466         10         12          8          0        324   framewin_skinclassic.o
       128          4          0          0          0         84   gui_2dlib.o
       530         26          0         28          0        340   gui__alpha.o
         0          0          0          8          0          0   gui__bidirouting.o
       158          0          0          0          0         84   gui__calctextrect.o
       612          0          0          0          0        160   gui__compactpixelindices.o
        26          0          0          0          0         68   gui__divideround32.o
         0          0        256          0          0          0   gui__divtbl_255_31.o
         0          0        256          0          0          0   gui__divtbl_255_63.o
         0          0         32          0          0          0   gui__divtbl_31_255.o
         0          0         64          0          0          0   gui__divtbl_63_255.o
       316          0          0          0          0        108   gui__expandpixelindices.o
       194         18          0         12          0        484   gui__getcursorpos.o
        16          4          0          0          0         68   gui__getfontsizey.o
        26          0          0          0          0         80   gui__getnumchars.o
        24          0          0          0          0         68   gui__handleeoline.o
        58          0          0          0          0         68   gui__intersectrect.o
        82          0          0          0          0         80   gui__intersectrects.o
       136         12          0          4          0        152   gui__managecache.o
        76          0          0          0          0         76   gui__memset.o
        58          0          0          0          0         76   gui__memset16.o
        48          0          0          0          0        136   gui__read.o
        26          0          0          0          0         68   gui__reducerect.o
        98          0          0          0          0         80   gui__setpixelalpha.o
        90          0          0          0          0         84   gui__settext.o
        68          4          0          0          0        148   gui__strcmp.o
        20          0          0          0          0         68   gui__strlen.o
       304          4          0          8          0        508   gui__wrap.o
        48          6         16          0          0         76   gui_addhex.o
      1776        166          0         84        128       2204   gui_alloc.o
        56          0          0          0          0         80   gui_alloc_allocinit.o
        38          0          0          0          0         80   gui_alloc_alloczero.o
       290          0          0          0          0        560   gui_array.o
        84          0          0          0          0         88   gui_array_deleteitem.o
        68          0          0          0          0         76   gui_calccolordist.o
       152         18          0          0          0        308   gui_char.o
       434         36          0          4          0        472   gui_charline.o
       390         14          0          0          0        300   gui_charm.o
       300         14          0          0          0        384   gui_charp.o
        22          0          0          0          0         68   gui_charpext.o
        20          0          0          0          0         68   gui_clearrectex.o
       408         60          8         48        104        608   gui_core.o
       512         46          0         12         20        568   gui_curs1.o
         0          0         32          0          0          0   gui_cursorarrowm.o
         0          0         60          0          0          0   gui_cursorarrowmpx.o
         0          0         32          0          0          0   gui_cursorheaderm.o
         0          0         85          0          0          0   gui_cursorheadermpx.o
         0          0         24          0          0          0   gui_cursorpal.o
       344         30          0          0          0        448   gui_device.o
        30          0          0          0          0         80   gui_disphex.o
       252          4          0          0          0        104   gui_dispstring.o
        36          4          0          0          0         88   gui_dispstringat.o
       402          4          0          0          0        252   gui_dispstringinrect.o
       316          0          0          0          0        200   gui_dispstringinrectwrap.o
       118          0          0          0          0        280   gui_draw.o
       228         10          0          0          0        180   gui_drawbitmap.o
       164          4          0          0          0         76   gui_drawfocusrect.o
        84          6          0          0          0         84   gui_drawhline.o
        76          4          0          0          0         80   gui_drawvline.o
       244         22         12          8          0        244   gui_encext.o
        52          4          0          0          0        152   gui_exec.o
        88          6          0          0          0         84   gui_fillrect.o
        20          0          0          0          0         68   gui_fillrectex.o
       160          0          0          0          0        152   gui_getbitmappixelindex.o
        10          0          0          0          0         68   gui_getclientrect.o
        48          0          0          0          0        152   gui_getcolor.o
        20          0          0          0          0         76   gui_getfontsizey.o
        54         10          0          0          0        156   gui_getorg.o
        20          0          0          0          0         80   gui_getstringdistx.o
       124          4          0          0          0         88   gui_gettextextend.o
        16          0          0          0          0        136   gui_getysizeoffont.o
        60          8          0          0          0        216   gui_goto.o
       100          4          0          0          0         84   gui_invertrect.o
        88          0          0          0          0         76   gui_mergerect.o
        30          0          0          0          0         68   gui_moverect.o
        96         12          0         12         88        216   gui_onkey.o
        28          6          0          0          0         80   gui_pen.o
       260         38          0          8         72        444   gui_pid.o
        76          0          0          0          0         84   gui_realloc.o
        56          0          0          0          0         68   gui_rectsintersect.o
        28         10          0          0          0        136   gui_savecontext.o
       186         12          0          4          0        476   gui_selectlayer.o
        26          0          0          0          0         80   gui_selectlcd.o
        20          6          0         28          0         68   gui_setalpha.o
        24          0          0          0          0         76   gui_setcliprect.o
        44          0          0          0          0        160   gui_setcolor.o
        64          6          0          0          0         80   gui_setdefault.o
        24          0          0          0          0         76   gui_setdrawmode.o
        28          4          0          0          0         80   gui_setfont.o
        28          6          0          0          0         80   gui_setlinestyle.o
        60         14          0          0          0         88   gui_setorg.o
        28          4          0          0          0         80   gui_settextalign.o
        28          4          0          0          0         80   gui_settextmode.o
       214          6          0          0          0        244   gui_sif.o
       236         26         36          0          0        184   gui_sif_propext.o
       364         22          0          0          0        404   gui_sif_propextfrminfo.o
      4128         48         52          0          0       2424   gui_sprite.o
       336         36          0         28          0        396   gui_task.o
       108          6          0          0          0        152   gui_time.o
       626         50          0         20          0        972   gui_timer.o
        40          4          0          0         12         84   gui_touch.o
       628         34          0         48         16        404   gui_touch_driveranalog.o
        36          6          0          0         12         68   gui_touch_storestate.o
        48          6          0          8          0         88   gui_touch_storeunstable.o
       240         30          0          0          0        552   gui_uc.o
        18          0         16          0          0        272   gui_uc_encodenone.o
       212          8         16          0          0        364   gui_uc_encodeutf8.o
       128         18          0         12          0        224   gui_waitevent.o
       198          0         24          0          0        244   guicc_0.o
       166         24         24          0          0        312   guicc_565.o
        44         10          0          0          0         76   guicc_565_index2color.o
        36          0         24          0          0        288   guicc_8888.o
         2          0          0          0          0         68   guicc_8888_index2color.o
         2          0          0          0          0         68   guicc_888_index2color.o
       712         26          0          0          0        696   guidev.o
      2164         66        116          0          0       1352   guidev_16.o
      2226         64        116          0          0       1448   guidev_32.o
       276          4          0          0          0        168   guidev_banding.o
        52          4          0          0          0         84   guidev_clear.o
        26          0          0          0          0         76   guidev_getdataptr.o
        40          4          0          0          0         80   guidev_getysize.o
        52          6          0          0          0         92   guidev_reduceysize.o
        84          4          0          0          0         92   guidev_setorg.o
       280         14          0          1          0        172   guidev_staticdevices.o
        76          0          0          0          0        168   guidev_usage.o
       440          4         24          0          0        460   guidev_usagebm.o
       108          4          0          0          0        148   guidev_write.o
       272         10          0          0          0         96   guidev_writetoactivealpha.o
      1648         14          8          0          0        420   guidev_writetoactiveopaque.o
      2680        184         52          0          0       2720   guidrv_lin_16.o
      1742         34          0         40          0       1336   header.o
        34          0          0          0          0         80   header_getsel.o
       646          8         12          0          0        252   header_skinclassic.o
      1686        124         12          4          0       1440   lcd.o
       180         14          0          8       1024        240   lcd_color.o
        24          8          0          0          0        136   lcd_getcolorindex.o
       414         44          0          0          0       1608   lcd_getex.o
        18          0          0          0          0         76   lcd_getnumdisplays.o
         0          0        256          0          0          0   lcd_mirror.o
       504         22          0          0          0        184   lcd_readrect.o
        60          6          0          0          0         80   lcd_selectlcd.o
       300          0          0          0          0        580   lcd_set.o
        40          4          0          0          0         76   lcd_setcliprectex.o
        32          4          0          0          0         80   lcd_updatecolorindices.o
      3474         14          0         48          0       1864   listview.o
        56          0          0          0          0         88   listview_createindirect.o
        52          0          0          0          0         92   listview_setfont.o
        58          0          0          0          0         80   listview_setgridvis.o
       472         28          0          0          0        208   messagebox.o
      1362         10          0         26          0       1024   scrollbar.o
        54          0          0          0          0         80   scrollbar_create.o
       692         10         12          0          0        256   scrollbar_skinclassic.o
       304         10          0         16          0        276   text.o
        60          0          0          0          0         88   text_createindirect.o
        12          6          0          0          0         68   text_default.o
        46          0          0          0          0         92   text_setfont.o
        42          0          0          0          0         92   text_settextalign.o
        46          0          0          0          0         92   text_settextcolor.o
       958         10          0          4          0       1516   widget.o
       284          8         28         20          0        340   widget_effect_3d.o
       248          6          0          0          0        108   widget_fillstringinrect.o
       444         10          0          4          0        312   window.o
      4062        230          0         69         24       4204   wm.o
        50          0          0          0          0         84   wm__foreachdesc.o
        18          0          0          0          0         76   wm__getfirstsibling.o
        28          6          0          0          0         80   wm__getfocussedchild.o
        24          0          0          0          0         76   wm__getlastsibling.o
        36          0          0          0          0         80   wm__getprevsibling.o
        46          0          0          0          0        148   wm__isancestor.o
        26          0          0          0          0         80   wm__ischild.o
        20          0          0          0          0         76   wm__isenabled.o
        20          0          0          0          0         68   wm__screen2client.o
        60          6          0          4          0         88   wm__sendmessage.o
        28          0          0          0          0         92   wm__sendmessageifenabled.o
        40          0          0          0          0         80   wm__sendmessagenopara.o
       206          0          0          0          0         92   wm__updatechildpositions.o
        86          0          0          0          0         92   wm_bringtobottom.o
        88          6          0          0          0        156   wm_bringtotop.o
        94          0          0          0          0        224   wm_checkscrollpos.o
        60         12          0          0          0        136   wm_criticalhandle.o
        30          0          0          0          0         88   wm_foreachdesc.o
        26          0          0          0          0         84   wm_getbkcolor.o
        74          8          0          0          0        168   wm_getclientrect.o
        22          0          0          0          0         80   wm_getclientwindow.o
        12          6          0          0          0         68   wm_getdesktopwindow.o
        90          0          0          0          0        160   wm_getdialogitem.o
        26          0          0          0          0         76   wm_getfirstchild.o
        32          0          0          0          0         80   wm_getflags.o
        26          0          0          0          0         80   wm_getid.o
        16          0          0          0          0         76   wm_getinsiderect.o
       164          0          0          0          0         88   wm_getinsiderectexscrollbar.o
        26          0          0          0          0         76   wm_getnextsibling.o
        26          0          0          0          0         76   wm_getparent.o
       144          0          0          0          0        244   wm_getscrollbar.o
        42          0          0          0          0         88   wm_getscrollpartner.o
        16          0          0          0          0         76   wm_getscrollstate.o
        42          0          0          0          0         92   wm_getwindowrect.o
       114          0          0          0          0        356   wm_getwindowsize.o
        20          4          0          0          0         68   wm_hascaptured.o
        20          4          0          0          0         68   wm_hasfocus.o
        46          0          0          0          0         84   wm_hide.o
        30          0          0          0          0         80   wm_isfocussable.o
        24          0          0          0          0         76   wm_iswindow.o
        68          8          0          0          0         88   wm_makemodal.o
        70          0          0          0          0        168   wm_memdev.o
       204          0          0          0          0        256   wm_move.o
        16          0          0          0          0         76   wm_notifyparent.o
        52          4          0          0          0         88   wm_onkey.o
        28          4          0          0         12         68   wm_pid__getprevstate.o
       236          0          0          0          0         88   wm_resizewindow.o
       174          6          0          0          0        304   wm_screen2win.o
        26          0          0          0          0         88   wm_sendmessagenopara.o
        38          0          0          0          0         92   wm_sendtoparent.o
        94         14          0          0          0        244   wm_setcapture.o
       168          4          0          4          0        116   wm_setcapturemove.o
        16          6          0          0          0         68   wm_setcreateflags.o
       152          6          0          0          0         88   wm_setfocus.o
       118          0          0          0          0        160   wm_setfocusonnextchild.o
        98          0          0          0          0        156   wm_setfocusonprevchild.o
       126          0          0          0          0        380   wm_setscrollbar.o
        24          0          0          0          0         76   wm_setscrollstate.o
        64          0          0          0          0         92   wm_setsize.o
        96          4          0          0          0        168   wm_settrans.o
        32          6          0          0          0         80   wm_setusercliprect.o
        98          0          0          0          0        172   wm_show.o
       284          4          0          0          0        420   wm_timer.o
       792         30          0         24         12        348   wm_touch.o
        48          4          0          0          0         80   wm_validatewindow.o
        92          0          0          0          0          0   __dczerorl2.o
         0          0          0          0          0          0   entry.o
         8          4          0          0          0          0   entry2.o
         4          0          0          0          0          0   entry5.o
         0          0          0          0          0          0   entry7b.o
         8          4          0          0          0          0   entry8.o
        30          0          0          0          0          0   handlers.o
        36          8          0          0          0         68   init.o
        26          0          0          0          0         80   memcmp.o
        64          0          0          0          0         76   memmovea.o
        38          0          0          0          0        108   memseta.o
        18          0          0          0          0         68   strcpy.o
        16          0          0          0          0         68   strlen.o

    ----------------------------------------------------------------------
     61568       2300      10992        884       1524      62560   Library Totals
       138          0          8          8          0          0   (incl. Padding)

    ----------------------------------------------------------------------

      Code (inc. data)   RO Data    RW Data    ZI Data      Debug   Library Name

     61090       2284      10984        876       1524      62092   GUI_CM3.lib
       340         16          0          0          0        468   mc_w.l

    ----------------------------------------------------------------------
     61568       2300      10992        884       1524      62560   Library Totals

    ----------------------------------------------------------------------

==============================================================================


      Code (inc. data)   RO Data    RW Data    ZI Data      Debug   

     66836       2786     628328        960   17309208     165454   Grand Totals
     66836       2786     628328        260   17309208     165454   ELF Image Totals (compressed)
     66836       2786     628328        260          0          0   ROM Totals

==============================================================================

    Total RO  Size (Code + RO Data)               695164 ( 678.87kB)
    Total RW  Size (RW Data + ZI Data)          17310168 (16904.46kB)
    Total ROM Size (Code + RO Data + RW Data)     695424 ( 679.13kB)

==============================================================================

